Component: ARM Compiler 5.06 update 7 (build 960) Tool: armlink [4d3601]

==============================================================================

Section Cross References

    init_mcu.o(i.InitMcu_Adc) refers to init_mcu.o(i.InitMcu_SetGPO2ANI) for InitMcu_SetGPO2ANI
    init_mcu.o(i.InitMcu_Adc) refers to hardware_config.o(.data) for u8_ADC_CH_VDC
    init_mcu.o(i.InitMcu_Adc) refers to hardware_config.o(.data) for u8_ADC_CH_VSP
    init_mcu.o(i.InitMcu_Adc) refers to hardware_config.o(.data) for u8_ADC_CH_IU
    init_mcu.o(i.InitMcu_Adc) refers to hardware_config.o(.data) for u8_ADC_CH_IV
    init_mcu.o(i.InitMcu_Clock) refers to hardware_config.o(.data) for i32_CLK_FREQ
    init_mcu.o(i.InitMcu_Clock) refers to init_mcu.o(.bss) for .bss
    init_mcu.o(i.InitMcu_Nvic) refers to init_mcu.o(i.__NVIC_ClearPendingIRQ) for __NVIC_ClearPendingIRQ
    init_mcu.o(i.InitMcu_Nvic) refers to init_mcu.o(i.__NVIC_SetPriority) for __NVIC_SetPriority
    init_mcu.o(i.InitMcu_Nvic) refers to init_mcu.o(i.__NVIC_EnableIRQ) for __NVIC_EnableIRQ
    init_mcu.o(i.InitMcu_SystemTicker) refers to init_mcu.o(i.__NVIC_SetPriority) for __NVIC_SetPriority
    init_mcu.o(i.InitMcu_SystemTicker) refers to init_mcu.o(.bss) for .bss
    isr.o(i.IRQ000_Handler) refers to init_mcu.o(i.InitMcu_FeedWdg) for InitMcu_FeedWdg
    isr.o(i.IRQ000_Handler) refers to motor_control.o(i.Motor_FastStop) for Motor_FastStop
    isr.o(i.IRQ000_Handler) refers to motor_control.o(.bss) for g_stcMotorRunPara
    isr.o(i.IRQ001_Handler) refers to motor_control.o(i.Motor_FastStop) for Motor_FastStop
    isr.o(i.IRQ001_Handler) refers to motor_control.o(.bss) for g_stcMotorRunPara
    isr.o(i.IRQ002_Handler) refers to motor_control.o(i.Motor_FastStop) for Motor_FastStop
    isr.o(i.IRQ002_Handler) refers to motor_control.o(i.Motor_MainIsrHandler) for Motor_MainIsrHandler
    isr.o(i.IRQ002_Handler) refers to adc_sample.o(i.Adc_CheckOffset) for Adc_CheckOffset
    isr.o(i.IRQ002_Handler) refers to motor_control.o(.bss) for g_stcMotorRunPara
    isr.o(i.SysTick_Handler) refers to motor_control.o(i.Motor_SysTickerIsrHandler) for Motor_SysTickerIsrHandler
    isr.o(i.SysTick_Handler) refers to motor_control.o(.bss) for g_stcAdcSample
    hc32_ll.o(i.LL_PERIPH_WP) refers to hc32_ll.o(i.PWC_REG_Lock) for PWC_REG_Lock
    hc32_ll_adc.o(i.ADC_AWD_ClearStatus) refers to hc32_ll_utility.o(i.DDL_AssertHandler) for DDL_AssertHandler
    hc32_ll_adc.o(i.ADC_AWD_Cmd) refers to hc32_ll_utility.o(i.DDL_AssertHandler) for DDL_AssertHandler
    hc32_ll_adc.o(i.ADC_AWD_Config) refers to hc32_ll_utility.o(i.DDL_AssertHandler) for DDL_AssertHandler
    hc32_ll_adc.o(i.ADC_AWD_GetMode) refers to hc32_ll_utility.o(i.DDL_AssertHandler) for DDL_AssertHandler
    hc32_ll_adc.o(i.ADC_AWD_GetStatus) refers to hc32_ll_utility.o(i.DDL_AssertHandler) for DDL_AssertHandler
    hc32_ll_adc.o(i.ADC_AWD_IntCmd) refers to hc32_ll_utility.o(i.DDL_AssertHandler) for DDL_AssertHandler
    hc32_ll_adc.o(i.ADC_AWD_SelectCh) refers to hc32_ll_utility.o(i.DDL_AssertHandler) for DDL_AssertHandler
    hc32_ll_adc.o(i.ADC_AWD_SetCombMode) refers to hc32_ll_utility.o(i.DDL_AssertHandler) for DDL_AssertHandler
    hc32_ll_adc.o(i.ADC_AWD_SetMode) refers to hc32_ll_utility.o(i.DDL_AssertHandler) for DDL_AssertHandler
    hc32_ll_adc.o(i.ADC_AWD_SetThreshold) refers to hc32_ll_utility.o(i.DDL_AssertHandler) for DDL_AssertHandler
    hc32_ll_adc.o(i.ADC_ChCmd) refers to hc32_ll_utility.o(i.DDL_AssertHandler) for DDL_AssertHandler
    hc32_ll_adc.o(i.ADC_ChRemap) refers to hc32_ll_utility.o(i.DDL_AssertHandler) for DDL_AssertHandler
    hc32_ll_adc.o(i.ADC_ClearStatus) refers to hc32_ll_utility.o(i.DDL_AssertHandler) for DDL_AssertHandler
    hc32_ll_adc.o(i.ADC_ConvDataAverageChCmd) refers to hc32_ll_utility.o(i.DDL_AssertHandler) for DDL_AssertHandler
    hc32_ll_adc.o(i.ADC_ConvDataAverageConfig) refers to hc32_ll_utility.o(i.DDL_AssertHandler) for DDL_AssertHandler
    hc32_ll_adc.o(i.ADC_DataRegAutoClearCmd) refers to hc32_ll_utility.o(i.DDL_AssertHandler) for DDL_AssertHandler
    hc32_ll_adc.o(i.ADC_DeInit) refers to hc32_ll_utility.o(i.DDL_AssertHandler) for DDL_AssertHandler
    hc32_ll_adc.o(i.ADC_GetChPin) refers to hc32_ll_utility.o(i.DDL_AssertHandler) for DDL_AssertHandler
    hc32_ll_adc.o(i.ADC_GetStatus) refers to hc32_ll_utility.o(i.DDL_AssertHandler) for DDL_AssertHandler
    hc32_ll_adc.o(i.ADC_GetValue) refers to hc32_ll_utility.o(i.DDL_AssertHandler) for DDL_AssertHandler
    hc32_ll_adc.o(i.ADC_Init) refers to hc32_ll_utility.o(i.DDL_AssertHandler) for DDL_AssertHandler
    hc32_ll_adc.o(i.ADC_IntCmd) refers to hc32_ll_utility.o(i.DDL_AssertHandler) for DDL_AssertHandler
    hc32_ll_adc.o(i.ADC_ResetChMapping) refers to hc32_ll_utility.o(i.DDL_AssertHandler) for DDL_AssertHandler
    hc32_ll_adc.o(i.ADC_SetExtChSrc) refers to hc32_ll_utility.o(i.DDL_AssertHandler) for DDL_AssertHandler
[...]
    Removing user_interface.o(.data), (4 bytes).
    Removing startup_hc32f448.o(HEAP), (1024 bytes).
    Removing dadd.o(.text), (334 bytes).
    Removing dmul.o(.text), (228 bytes).
    Removing ddiv.o(.text), (222 bytes).
    Removing dfixul.o(.text), (48 bytes).
    Removing cdrcmple.o(.text), (48 bytes).
    Removing depilogue.o(.text), (186 bytes).

485 unused section(s) (total 57342 bytes) removed from the image.

==============================================================================

Image Symbol Table

    Local Symbols

    Symbol Name                              Value     Ov Type        Size  Object(Section)

    RESET                                    0x00000000   Section      592  startup_hc32f448.o(RESET)
    ../clib/../cmprslib/zerorunl2.c          0x00000000   Number         0  __dczerorl2.o ABSOLUTE
    ../clib/microlib/division.c              0x00000000   Number         0  uldiv.o ABSOLUTE
    ../clib/microlib/division.c              0x00000000   Number         0  uidiv.o ABSOLUTE
    ../clib/microlib/init/entry.s            0x00000000   Number         0  entry8a.o ABSOLUTE
    ../clib/microlib/init/entry.s            0x00000000   Number         0  entry7a.o ABSOLUTE
    ../clib/microlib/init/entry.s            0x00000000   Number         0  entry7b.o ABSOLUTE
    ../clib/microlib/init/entry.s            0x00000000   Number         0  entry2.o ABSOLUTE
    ../clib/microlib/init/entry.s            0x00000000   Number         0  entry11b.o ABSOLUTE
    ../clib/microlib/init/entry.s            0x00000000   Number         0  entry12a.o ABSOLUTE
    ../clib/microlib/init/entry.s            0x00000000   Number         0  entry8b.o ABSOLUTE
    ../clib/microlib/init/entry.s            0x00000000   Number         0  entry9a.o ABSOLUTE
    ../clib/microlib/init/entry.s            0x00000000   Number         0  entry12b.o ABSOLUTE
    ../clib/microlib/init/entry.s            0x00000000   Number         0  entry9b.o ABSOLUTE
    ../clib/microlib/init/entry.s            0x00000000   Number         0  entry10a.o ABSOLUTE
    ../clib/microlib/init/entry.s            0x00000000   Number         0  entry.o ABSOLUTE
    ../clib/microlib/init/entry.s            0x00000000   Number         0  entry5.o ABSOLUTE
    ../clib/microlib/init/entry.s            0x00000000   Number         0  entry10b.o ABSOLUTE
    ../clib/microlib/init/entry.s            0x00000000   Number         0  entry11a.o ABSOLUTE
    ../clib/microlib/longlong.c              0x00000000   Number         0  llushr.o ABSOLUTE
    ../clib/microlib/longlong.c              0x00000000   Number         0  llshl.o ABSOLUTE
    ../clib/microlib/longlong.c              0x00000000   Number         0  llsshr.o ABSOLUTE
    ../clib/microlib/printf/printf.c         0x00000000   Number         0  printfa.o ABSOLUTE
    ../clib/microlib/printf/printf.c         0x00000000   Number         0  printf8.o ABSOLUTE
    ../clib/microlib/printf/printf.c         0x00000000   Number         0  printf7.o ABSOLUTE
    ../clib/microlib/printf/printf.c         0x00000000   Number         0  printf0.o ABSOLUTE
    ../clib/microlib/printf/printf.c         0x00000000   Number         0  printf3.o ABSOLUTE
    ../clib/microlib/printf/printf.c         0x00000000   Number         0  printfb.o ABSOLUTE
    ../clib/microlib/printf/printf.c         0x00000000   Number         0  printf4.o ABSOLUTE
    ../clib/microlib/printf/printf.c         0x00000000   Number         0  printf5.o ABSOLUTE
    ../clib/microlib/printf/printf.c         0x00000000   Number         0  printf2.o ABSOLUTE
    ../clib/microlib/printf/printf.c         0x00000000   Number         0  printf1.o ABSOLUTE
    ../clib/microlib/printf/printf.c         0x00000000   Number         0  printf6.o ABSOLUTE
    ../clib/microlib/printf/stubs.s          0x00000000   Number         0  stubs.o ABSOLUTE
    ../clib/microlib/stdio/streams.c         0x00000000   Number         0  stdout.o ABSOLUTE
    ../clib/microlib/string/memcpy.c         0x00000000   Number         0  memcpyb.o ABSOLUTE
    ../clib/microlib/string/memcpy.c         0x00000000   Number         0  memcpya.o ABSOLUTE
    ../clib/microlib/stubs.s                 0x00000000   Number         0  iusefp.o ABSOLUTE
    ../fplib/microlib/fpadd.c                0x00000000   Number         0  dadd.o ABSOLUTE
    ../fplib/microlib/fpdiv.c                0x00000000   Number         0  ddiv.o ABSOLUTE
    ../fplib/microlib/fpepilogue.c           0x00000000   Number         0  depilogue.o ABSOLUTE
    ../fplib/microlib/fpfix.c                0x00000000   Number         0  dfixul.o ABSOLUTE
    ../fplib/microlib/fpmul.c                0x00000000   Number         0  dmul.o ABSOLUTE
    ..\..\device\hc32f448\mcu_config\hardware_config.c 0x00000000   Number         0  hardware_config.o ABSOLUTE
    ..\..\device\hc32f448\mcu_config\init_mcu.c 0x00000000   Number         0  init_mcu.o ABSOLUTE
    ..\..\device\hc32f448\mcu_config\isr.c   0x00000000   Number         0  isr.o ABSOLUTE
    ..\..\device\hc32f448\mcu_driver\src\hc32_ll.c 0x00000000   Number         0  hc32_ll.o ABSOLUTE
    ..\..\device\hc32f448\mcu_driver\src\hc32_ll_adc.c 0x00000000   Number         0  hc32_ll_adc.o ABSOLUTE
    ..\..\device\hc32f448\mcu_driver\src\hc32_ll_aos.c 0x00000000   Number         0  hc32_ll_aos.o ABSOLUTE
    ..\..\device\hc32f448\mcu_driver\src\hc32_ll_clk.c 0x00000000   Number         0  hc32_ll_clk.o ABSOLUTE
    ..\..\device\hc32f448\mcu_driver\src\hc32_ll_cmp.c 0x00000000   Number         0  hc32_ll_cmp.o ABSOLUTE
    ..\..\device\hc32f448\mcu_driver\src\hc32_ll_dma.c 0x00000000   Number         0  hc32_ll_dma.o ABSOLUTE
    ..\..\device\hc32f448\mcu_driver\src\hc32_ll_efm.c 0x00000000   Number         0  hc32_ll_efm.o ABSOLUTE
    ..\..\device\hc32f448\mcu_driver\src\hc32_ll_emb.c 0x00000000   Number         0  hc32_ll_emb.o ABSOLUTE
    ..\..\device\hc32f448\mcu_driver\src\hc32_ll_fcg.c 0x00000000   Number         0  hc32_ll_fcg.o ABSOLUTE
    ..\..\device\hc32f448\mcu_driver\src\hc32_ll_fcm.c 0x00000000   Number         0  hc32_ll_fcm.o ABSOLUTE
    ..\..\device\hc32f448\mcu_driver\src\hc32_ll_gpio.c 0x00000000   Number         0  hc32_ll_gpio.o ABSOLUTE
    ..\..\device\hc32f448\mcu_driver\src\hc32_ll_icg.c 0x00000000   Number         0  hc32_ll_icg.o ABSOLUTE
    ..\..\device\hc32f448\mcu_driver\src\hc32_ll_pwc.c 0x00000000   Number         0  hc32_ll_pwc.o ABSOLUTE
    ..\..\device\hc32f448\mcu_driver\src\hc32_ll_sram.c 0x00000000   Number         0  hc32_ll_sram.o ABSOLUTE
    ..\..\device\hc32f448\mcu_driver\src\hc32_ll_tmr4.c 0x00000000   Number         0  hc32_ll_tmr4.o ABSOLUTE
    ..\..\device\hc32f448\mcu_driver\src\hc32_ll_utility.c 0x00000000   Number         0  hc32_ll_utility.o ABSOLUTE
    ..\..\device\hc32f448\mcu_driver\src\hc32_ll_wdt.c 0x00000000   Number         0  hc32_ll_wdt.o ABSOLUTE
    ..\..\device\hc32f448\mcu_driver\system_hc32f448.c 0x00000000   Number         0  system_hc32f448.o ABSOLUTE
    ..\..\source\motor_midwares\adc_sample.c 0x00000000   Number         0  adc_sample.o ABSOLUTE
    ..\..\source\motor_midwares\coordinate_transform.c 0x00000000   Number         0  coordinate_transform.o ABSOLUTE
    ..\..\source\motor_midwares\filter.c     0x00000000   Number         0  filter.o ABSOLUTE
    ..\..\source\motor_midwares\flux_observer.c 0x00000000   Number         0  flux_observer.o ABSOLUTE
    ..\..\source\motor_midwares\module_math.c 0x00000000   Number         0  module_math.o ABSOLUTE
    ..\..\source\motor_midwares\pid.c        0x00000000   Number         0  pid.o ABSOLUTE
    ..\..\source\motor_midwares\protection.c 0x00000000   Number         0  protection.o ABSOLUTE
    ..\..\source\motor_midwares\speed_set.c  0x00000000   Number         0  speed_set.o ABSOLUTE
    ..\..\source\motor_midwares\startup_control.c 0x00000000   Number         0  startup_control.o ABSOLUTE
    ..\..\source\motor_midwares\stop_control.c 0x00000000   Number         0  stop_control.o ABSOLUTE
    ..\..\source\motor_midwares\svpwm.c      0x00000000   Number         0  svpwm.o ABSOLUTE
    ..\..\source\motor_source\cmd_set_analog_io.c 0x00000000   Number         0  cmd_set_analog_io.o ABSOLUTE
    ..\..\source\motor_source\main.c         0x00000000   Number         0  main.o ABSOLUTE
    ..\..\source\motor_source\motor_control.c 0x00000000   Number         0  motor_control.o ABSOLUTE
    ..\..\source\motor_source\user_interface.c 0x00000000   Number         0  user_interface.o ABSOLUTE
    ..\\..\\device\\hc32f448\\mcu_config\\hardware_config.c 0x00000000   Number         0  hardware_config.o ABSOLUTE
    ..\\..\\device\\hc32f448\\mcu_config\\init_mcu.c 0x00000000   Number         0  init_mcu.o ABSOLUTE
    ..\\..\\device\\hc32f448\\mcu_config\\isr.c 0x00000000   Number         0  isr.o ABSOLUTE
    ..\\..\\device\\hc32f448\\mcu_driver\\src\\hc32_ll.c 0x00000000   Number         0  hc32_ll.o ABSOLUTE
    ..\\..\\device\\hc32f448\\mcu_driver\\src\\hc32_ll_adc.c 0x00000000   Number         0  hc32_ll_adc.o ABSOLUTE
    ..\\..\\device\\hc32f448\\mcu_driver\\src\\hc32_ll_aos.c 0x00000000   Number         0  hc32_ll_aos.o ABSOLUTE
    ..\\..\\device\\hc32f448\\mcu_driver\\src\\hc32_ll_clk.c 0x00000000   Number         0  hc32_ll_clk.o ABSOLUTE
    ..\\..\\device\\hc32f448\\mcu_driver\\src\\hc32_ll_cmp.c 0x00000000   Number         0  hc32_ll_cmp.o ABSOLUTE
    ..\\..\\device\\hc32f448\\mcu_driver\\src\\hc32_ll_dma.c 0x00000000   Number         0  hc32_ll_dma.o ABSOLUTE
    ..\\..\\device\\hc32f448\\mcu_driver\\src\\hc32_ll_efm.c 0x00000000   Number         0  hc32_ll_efm.o ABSOLUTE
    ..\\..\\device\\hc32f448\\mcu_driver\\src\\hc32_ll_emb.c 0x00000000   Number         0  hc32_ll_emb.o ABSOLUTE
    ..\\..\\device\\hc32f448\\mcu_driver\\src\\hc32_ll_fcg.c 0x00000000   Number         0  hc32_ll_fcg.o ABSOLUTE
    ..\\..\\device\\hc32f448\\mcu_driver\\src\\hc32_ll_fcm.c 0x00000000   Number         0  hc32_ll_fcm.o ABSOLUTE
    ..\\..\\device\\hc32f448\\mcu_driver\\src\\hc32_ll_gpio.c 0x00000000   Number         0  hc32_ll_gpio.o ABSOLUTE
    ..\\..\\device\\hc32f448\\mcu_driver\\src\\hc32_ll_icg.c 0x00000000   Number         0  hc32_ll_icg.o ABSOLUTE
    ..\\..\\device\\hc32f448\\mcu_driver\\src\\hc32_ll_pwc.c 0x00000000   Number         0  hc32_ll_pwc.o ABSOLUTE
    ..\\..\\device\\hc32f448\\mcu_driver\\src\\hc32_ll_sram.c 0x00000000   Number         0  hc32_ll_sram.o ABSOLUTE
    ..\\..\\device\\hc32f448\\mcu_driver\\src\\hc32_ll_tmr4.c 0x00000000   Number         0  hc32_ll_tmr4.o ABSOLUTE
    ..\\..\\device\\hc32f448\\mcu_driver\\src\\hc32_ll_utility.c 0x00000000   Number         0  hc32_ll_utility.o ABSOLUTE
    ..\\..\\device\\hc32f448\\mcu_driver\\src\\hc32_ll_wdt.c 0x00000000   Number         0  hc32_ll_wdt.o ABSOLUTE
    ..\\..\\device\\hc32f448\\mcu_driver\\system_hc32f448.c 0x00000000   Number         0  system_hc32f448.o ABSOLUTE
    ..\\..\\source\\motor_midwares\\adc_sample.c 0x00000000   Number         0  adc_sample.o ABSOLUTE
    ..\\..\\source\\motor_midwares\\protection.c 0x00000000   Number         0  protection.o ABSOLUTE
    ..\\..\\source\\motor_midwares\\speed_set.c 0x00000000   Number         0  speed_set.o ABSOLUTE
    ..\\..\\source\\motor_midwares\\startup_control.c 0x00000000   Number         0  startup_control.o ABSOLUTE
    ..\\..\\source\\motor_midwares\\stop_control.c 0x00000000   Number         0  stop_control.o ABSOLUTE
    ..\\..\\source\\motor_source\\main.c     0x00000000   Number         0  main.o ABSOLUTE
    ..\\..\\source\\motor_source\\motor_control.c 0x00000000   Number         0  motor_control.o ABSOLUTE
    cdrcmple.s                               0x00000000   Number         0  cdrcmple.o ABSOLUTE
    dc.s                                     0x00000000   Number         0  dc.o ABSOLUTE
    handlers.s                               0x00000000   Number         0  handlers.o ABSOLUTE
    init.s                                   0x00000000   Number         0  init.o ABSOLUTE
    startup_hc32f448.s                       0x00000000   Number         0  startup_hc32f448.o ABSOLUTE
    .ARM.Collect$$$$00000000                 0x00000250   Section        0  entry.o(.ARM.Collect$$$$00000000)
    .ARM.Collect$$$$00000001                 0x00000250   Section        4  entry2.o(.ARM.Collect$$$$00000001)
    .ARM.Collect$$$$00000004                 0x00000254   Section        4  entry5.o(.ARM.Collect$$$$00000004)
    .ARM.Collect$$$$00000008                 0x00000258   Section        0  entry7b.o(.ARM.Collect$$$$00000008)
    .ARM.Collect$$$$0000000A                 0x00000258   Section        0  entry8b.o(.ARM.Collect$$$$0000000A)
    .ARM.Collect$$$$0000000B                 0x00000258   Section        8  entry9a.o(.ARM.Collect$$$$0000000B)
    .ARM.Collect$$$$0000000E                 0x00000260   Section        4  entry12b.o(.ARM.Collect$$$$0000000E)
    .ARM.Collect$$$$0000000F                 0x00000264   Section        0  entry10a.o(.ARM.Collect$$$$0000000F)
    .ARM.Collect$$$$00000011                 0x00000264   Section        0  entry11a.o(.ARM.Collect$$$$00000011)
    .ARM.Collect$$$$00002712                 0x00000264   Section        4  entry2.o(.ARM.Collect$$$$00002712)
    __lit__00000000                          0x00000264   Data           4  entry2.o(.ARM.Collect$$$$00002712)
    .text                                    0x00000268   Section       36  startup_hc32f448.o(.text)
    $v0                                      0x00000268   Number         0  startup_hc32f448.o(.text)
    .text                                    0x0000028c   Section        0  memcpya.o(.text)
    .text                                    0x000002b0   Section        0  uidiv.o(.text)
    .text                                    0x000002dc   Section       36  init.o(.text)
    .text                                    0x00000300   Section        0  __dczerorl2.o(.text)
    i.Adc_InitSample                         0x00000358   Section        0  adc_sample.o(i.Adc_InitSample)
    i.InitMcu_FeedWdg                        0x000003e8   Section        0  init_mcu.o(i.InitMcu_FeedWdg)
    i.InitMcu_Gpio                           0x000003fc   Section        0  init_mcu.o(i.InitMcu_Gpio)
    i.Motor_FastStop                         0x000003fe   Section        0  motor_control.o(i.Motor_FastStop)
    .ARM.__AT_0x00000400                     0x00000400   Section       96  hc32_ll_icg.o(.ARM.__AT_0x00000400)
    i.Adc_CheckOffset                        0x00000460   Section        0  adc_sample.o(i.Adc_CheckOffset)
    i.Adc_Sample                             0x00000524   Section        0  adc_sample.o(i.Adc_Sample)
    i.AnaSpd_Init                            0x000005c4   Section        0  cmd_set_analog_io.o(i.AnaSpd_Init)
    i.AnaSpd_SetCmdSpd                       0x000005f8   Section        0  cmd_set_analog_io.o(i.AnaSpd_SetCmdSpd)
    i.DDL_AssertHandler                      0x00000678   Section        0  hc32_ll_utility.o(i.DDL_AssertHandler)
    i.DDL_ConsoleOutputChar                  0x000006b8   Section        0  hc32_ll_utility.o(i.DDL_ConsoleOutputChar)
    i.Filter_FirstLpf                        0x000006f8   Section        0  filter.o(i.Filter_FirstLpf)
    i.Filter_InitFirstLpf                    0x0000071c   Section        0  filter.o(i.Filter_InitFirstLpf)
    i.Filter_InitPeriodAvg                   0x00000774   Section        0  filter.o(i.Filter_InitPeriodAvg)
    i.Filter_PeriodAvg                       0x000007c8   Section        0  filter.o(i.Filter_PeriodAvg)
    i.Flux_Init                              0x000007f0   Section        0  flux_observer.o(i.Flux_Init)
    i.Flux_Observer                          0x000008d4   Section        0  flux_observer.o(i.Flux_Observer)
    i.IRQ000_Handler                         0x00000a08   Section        0  isr.o(i.IRQ000_Handler)
    i.IRQ001_Handler                         0x00000a50   Section        0  isr.o(i.IRQ001_Handler)
    i.IRQ002_Handler                         0x00000a7c   Section        0  isr.o(i.IRQ002_Handler)
    i.InitMcu_Adc                            0x00000ac0   Section        0  init_mcu.o(i.InitMcu_Adc)
    i.InitMcu_Clock                          0x00000c6c   Section        0  init_mcu.o(i.InitMcu_Clock)
    i.InitMcu_EnMotorPwm                     0x00000f70   Section        0  init_mcu.o(i.InitMcu_EnMotorPwm)
    i.InitMcu_InitMotorTimer                 0x00000fbc   Section        0  init_mcu.o(i.InitMcu_InitMotorTimer)
    i.InitMcu_Nvic                           0x00001300   Section        0  init_mcu.o(i.InitMcu_Nvic)
    i.InitMcu_SetGPO2ANI                     0x00001358   Section        0  init_mcu.o(i.InitMcu_SetGPO2ANI)
    i.InitMcu_StartMotorTimer                0x000013f4   Section        0  init_mcu.o(i.InitMcu_StartMotorTimer)
    i.InitMcu_StartSystemTicker              0x0000140c   Section        0  init_mcu.o(i.InitMcu_StartSystemTicker)
    i.InitMcu_SystemTicker                   0x00001420   Section        0  init_mcu.o(i.InitMcu_SystemTicker)
    i.InitMcu_UpdateMotorPwmDuty             0x00001440   Section        0  init_mcu.o(i.InitMcu_UpdateMotorPwmDuty)
    i.Math_Atan2                             0x0000145c   Section        0  module_math.o(i.Math_Atan2)
    i.Math_Cos                               0x00001518   Section        0  module_math.o(i.Math_Cos)
    i.Math_Sin                               0x00001520   Section        0  module_math.o(i.Math_Sin)
    i.Math_SinCos                            0x0000156c   Section        0  module_math.o(i.Math_SinCos)
    i.Math_Sqrt                              0x000015ec   Section        0  module_math.o(i.Math_Sqrt)
    i.Motor_CVLimit                          0x000016ec   Section        0  motor_control.o(i.Motor_CVLimit)
    i.Motor_HwInit                           0x00001748   Section        0  motor_control.o(i.Motor_HwInit)
    i.Motor_MainIsrHandler                   0x00001920   Section        0  motor_control.o(i.Motor_MainIsrHandler)
    i.Motor_SwInit                           0x00001a80   Section        0  motor_control.o(i.Motor_SwInit)
    i.Motor_SysTickerIsrHandler              0x00001f98   Section        0  motor_control.o(i.Motor_SysTickerIsrHandler)
    i.PID_IncPid                             0x0000202c   Section        0  pid.o(i.PID_IncPid)
    i.PID_InitIncPid                         0x00002088   Section        0  pid.o(i.PID_InitIncPid)
    i.PID_InitPosPid                         0x0000211c   Section        0  pid.o(i.PID_InitPosPid)
    i.PID_PosPid                             0x000021b4   Section        0  pid.o(i.PID_PosPid)
    i.Prot_InitMonitorVbus                   0x0000222c   Section        0  protection.o(i.Prot_InitMonitorVbus)
    i.Prot_InitOverCurrent                   0x000022e8   Section        0  protection.o(i.Prot_InitOverCurrent)
    i.Prot_MonitorVbus                       0x0000234c   Section        0  protection.o(i.Prot_MonitorVbus)
    i.Prot_MotorOverCurrent                  0x0000243c   Section        0  protection.o(i.Prot_MotorOverCurrent)
    i.Speed_CmdSpdSet                        0x000024bc   Section        0  speed_set.o(i.Speed_CmdSpdSet)
    i.Speed_InitCmdSpdSet                    0x00002564   Section        0  speed_set.o(i.Speed_InitCmdSpdSet)
    i.Speed_InitSpdTraj                      0x000025cc   Section        0  speed_set.o(i.Speed_InitSpdTraj)
    i.Speed_TgtSpdTraj                       0x00002698   Section        0  speed_set.o(i.Speed_TgtSpdTraj)
    i.Startup_Control                        0x000026d8   Section        0  startup_control.o(i.Startup_Control)
    i.Startup_Init                           0x00002988   Section        0  startup_control.o(i.Startup_Init)
    i.Stop_Control                           0x00002ce4   Section        0  stop_control.o(i.Stop_Control)
    i.Stop_Init                              0x00002e34   Section        0  stop_control.o(i.Stop_Init)
    i.Svpwm_7SegSymmPwm                      0x00002e48   Section        0  svpwm.o(i.Svpwm_7SegSymmPwm)
    i.Svpwm_CalcDuration                     0x00002eb6   Section        0  svpwm.o(i.Svpwm_CalcDuration)
    i.Svpwm_InitCalc                         0x00002fe8   Section        0  svpwm.o(i.Svpwm_InitCalc)
    i.SysTick_Handler                        0x00003024   Section        0  isr.o(i.SysTick_Handler)
    i.SystemCoreClockUpdate                  0x00003038   Section        0  system_hc32f448.o(i.SystemCoreClockUpdate)
    i.SystemInit                             0x000030d0   Section        0  system_hc32f448.o(i.SystemInit)
    i.Transf_Clarke                          0x000030f0   Section        0  coordinate_transform.o(i.Transf_Clarke)
    i.Transf_InvPark                         0x0000310e   Section        0  coordinate_transform.o(i.Transf_InvPark)
    i.Transf_Park                            0x00003138   Section        0  coordinate_transform.o(i.Transf_Park)
    i.__0printf$3                            0x0000315c   Section        0  printf3.o(i.__0printf$3)
    i.__NVIC_ClearPendingIRQ                 0x0000317c   Section        0  init_mcu.o(i.__NVIC_ClearPendingIRQ)
    __NVIC_ClearPendingIRQ                   0x0000317d   Thumb Code    26  init_mcu.o(i.__NVIC_ClearPendingIRQ)
    i.__NVIC_EnableIRQ                       0x00003196   Section        0  init_mcu.o(i.__NVIC_EnableIRQ)
    __NVIC_EnableIRQ                         0x00003197   Thumb Code    26  init_mcu.o(i.__NVIC_EnableIRQ)
    i.__NVIC_SetPriority                     0x000031b0   Section        0  init_mcu.o(i.__NVIC_SetPriority)
    __NVIC_SetPriority                       0x000031b1   Thumb Code    32  init_mcu.o(i.__NVIC_SetPriority)
    i.__scatterload_copy                     0x000031d0   Section       14  handlers.o(i.__scatterload_copy)
    i.__scatterload_null                     0x000031de   Section        2  handlers.o(i.__scatterload_null)
    i.__scatterload_zeroinit                 0x000031e0   Section       14  handlers.o(i.__scatterload_zeroinit)
    i._printf_core                           0x000031f0   Section        0  printf3.o(i._printf_core)
    _printf_core                             0x000031f1   Thumb Code   436  printf3.o(i._printf_core)
    i.fputc                                  0x000033a8   Section        0  hc32_ll_utility.o(i.fputc)
    i.main                                   0x000033c0   Section        0  main.o(i.main)
    .constdata                               0x00003400   Section      514  module_math.o(.constdata)
    .data                                    0x1fff8000   Section        4  hardware_config.o(.data)
    .data                                    0x1fff8004   Section        1  hardware_config.o(.data)
    .data                                    0x1fff8005   Section        1  hardware_config.o(.data)
    .data                                    0x1fff8006   Section        1  hardware_config.o(.data)
    .data                                    0x1fff8007   Section        1  hardware_config.o(.data)
    .data                                    0x1fff8008   Section       16  hc32_ll_utility.o(.data)
    m_u32TickStep                            0x1fff8008   Data           4  hc32_ll_utility.o(.data)
    m_u32TickCount                           0x1fff800c   Data           4  hc32_ll_utility.o(.data)
    m_pvPrintDevice                          0x1fff8010   Data           4  hc32_ll_utility.o(.data)
    m_u32PrintTimeout                        0x1fff8014   Data           4  hc32_ll_utility.o(.data)
    .data                                    0x1fff8018   Section        8  system_hc32f448.o(.data)
    .data                                    0x1fff8020   Section       24  motor_control.o(.data)
    .data                                    0x1fff8038   Section        4  user_interface.o(.data)
    .data                                    0x1fff803c   Section        4  user_interface.o(.data)
    .data                                    0x1fff8040   Section        4  user_interface.o(.data)
    .data                                    0x1fff8044   Section        4  user_interface.o(.data)
    .data                                    0x1fff8048   Section        4  user_interface.o(.data)
    .data                                    0x1fff804c   Section        4  user_interface.o(.data)
    .data                                    0x1fff8050   Section        4  user_interface.o(.data)
    .data                                    0x1fff8054   Section        4  user_interface.o(.data)
    .data                                    0x1fff8058   Section        4  user_interface.o(.data)
    .data                                    0x1fff805c   Section        4  user_interface.o(.data)
    .data                                    0x1fff8060   Section        4  user_interface.o(.data)
    .data                                    0x1fff8064   Section        4  user_interface.o(.data)
    .data                                    0x1fff8068   Section        4  user_interface.o(.data)
    .data                                    0x1fff806c   Section        4  user_interface.o(.data)
    .data                                    0x1fff8070   Section        4  user_interface.o(.data)
    .data                                    0x1fff8074   Section        4  user_interface.o(.data)
    .data                                    0x1fff8078   Section        4  user_interface.o(.data)
    .data                                    0x1fff807c   Section        4  user_interface.o(.data)
    .data                                    0x1fff8080   Section        4  user_interface.o(.data)
    .data                                    0x1fff8084   Section        4  user_interface.o(.data)
    .data                                    0x1fff8088   Section        4  user_interface.o(.data)
    .data                                    0x1fff808c   Section        4  user_interface.o(.data)
    .data                                    0x1fff8090   Section        4  user_interface.o(.data)
    .data                                    0x1fff8094   Section        4  user_interface.o(.data)
    .data                                    0x1fff8098   Section        4  user_interface.o(.data)
    .data                                    0x1fff809c   Section        4  user_interface.o(.data)
    .data                                    0x1fff80a0   Section        4  user_interface.o(.data)
    .data                                    0x1fff80a4   Section        4  user_interface.o(.data)
    .data                                    0x1fff80a8   Section        4  user_interface.o(.data)
    .data                                    0x1fff80ac   Section        4  user_interface.o(.data)
    .data                                    0x1fff80b0   Section        4  user_interface.o(.data)
    .data                                    0x1fff80b4   Section        4  user_interface.o(.data)
    .data                                    0x1fff80b8   Section        4  user_interface.o(.data)
    .data                                    0x1fff80bc   Section        4  user_interface.o(.data)
    .data                                    0x1fff80c0   Section        4  user_interface.o(.data)
    .data                                    0x1fff80c4   Section        4  user_interface.o(.data)
    .data                                    0x1fff80c8   Section        4  user_interface.o(.data)
    .data                                    0x1fff80cc   Section        4  user_interface.o(.data)
    .data                                    0x1fff80d0   Section        4  user_interface.o(.data)
    .data                                    0x1fff80d4   Section        4  user_interface.o(.data)
    .data                                    0x1fff80d8   Section        4  user_interface.o(.data)
    .data                                    0x1fff80dc   Section        4  user_interface.o(.data)
    .data                                    0x1fff80e0   Section        4  user_interface.o(.data)
    .data                                    0x1fff80e4   Section        4  user_interface.o(.data)
    .data                                    0x1fff80e8   Section        4  user_interface.o(.data)
    .data                                    0x1fff80ec   Section        4  user_interface.o(.data)
    .data                                    0x1fff80f0   Section        4  user_interface.o(.data)
    .data                                    0x1fff80f4   Section        4  user_interface.o(.data)
    .data                                    0x1fff80f8   Section        4  user_interface.o(.data)
    .data                                    0x1fff80fc   Section        4  user_interface.o(.data)
    .data                                    0x1fff8100   Section        4  user_interface.o(.data)
    .data                                    0x1fff8104   Section        4  user_interface.o(.data)
    .data                                    0x1fff8108   Section        4  user_interface.o(.data)
    .data                                    0x1fff810c   Section        4  user_interface.o(.data)
    .data                                    0x1fff8110   Section        4  user_interface.o(.data)
    .data                                    0x1fff8114   Section        4  user_interface.o(.data)
    .data                                    0x1fff8118   Section        4  user_interface.o(.data)
    .data                                    0x1fff811c   Section        4  user_interface.o(.data)
    .data                                    0x1fff8120   Section        4  user_interface.o(.data)
    .data                                    0x1fff8124   Section        4  user_interface.o(.data)
    .data                                    0x1fff8128   Section        4  user_interface.o(.data)
    .data                                    0x1fff812c   Section        4  user_interface.o(.data)
    .data                                    0x1fff8130   Section        4  user_interface.o(.data)
    .data                                    0x1fff8134   Section        4  user_interface.o(.data)
    .data                                    0x1fff8138   Section        4  user_interface.o(.data)
    .data                                    0x1fff813c   Section        4  user_interface.o(.data)
    .data                                    0x1fff8140   Section        4  user_interface.o(.data)
    .data                                    0x1fff8144   Section        4  stdout.o(.data)
    .bss                                     0x1fff8148   Section       36  init_mcu.o(.bss)
    .bss                                     0x1fff816c   Section       40  cmd_set_analog_io.o(.bss)
    .bss                                     0x1fff8194   Section      768  motor_control.o(.bss)
    STACK                                    0x1fff8498   Section     3072  startup_hc32f448.o(STACK)

    Global Symbols

    Symbol Name                              Value     Ov Type        Size  Object(Section)

    BuildAttributes$$THM_ISAv4$E$P$D$K$B$S$7EM$VFPi3$EXTD16$VFPS$VFMA$PE$A:L22UL41UL21$X:L11$S22US41US21$IEEE1$IW$USESV6$~STKCKD$USESV7$~SHL$OSPACE$ROPI$EBA8$MICROLIB$REQ8$PRES8$EABIv2 0x00000000   Number         0  anon$$obj.o ABSOLUTE
    __ARM_use_no_argv                        0x00000000   Number         0  main.o ABSOLUTE
    __Vectors                                0x00000000   Data           4  startup_hc32f448.o(RESET)
    _printf_a                                0x00000000   Number         0  stubs.o ABSOLUTE
    _printf_c                                0x00000000   Number         0  stubs.o ABSOLUTE
    _printf_charcount                        0x00000000   Number         0  stubs.o ABSOLUTE
    _printf_d                                0x00000000   Number         0  stubs.o ABSOLUTE
    _printf_e                                0x00000000   Number         0  stubs.o ABSOLUTE
    _printf_f                                0x00000000   Number         0  stubs.o ABSOLUTE
    _printf_flags                            0x00000000   Number         0  stubs.o ABSOLUTE
    _printf_fp_dec                           0x00000000   Number         0  stubs.o ABSOLUTE
    _printf_fp_hex                           0x00000000   Number         0  stubs.o ABSOLUTE
    _printf_g                                0x00000000   Number         0  stubs.o ABSOLUTE
    _printf_i                                0x00000000   Number         0  stubs.o ABSOLUTE
    _printf_int_dec                          0x00000000   Number         0  stubs.o ABSOLUTE
    _printf_l                                0x00000000   Number         0  stubs.o ABSOLUTE
    _printf_lc                               0x00000000   Number         0  stubs.o ABSOLUTE
    _printf_ll                               0x00000000   Number         0  stubs.o ABSOLUTE
    _printf_lld                              0x00000000   Number         0  stubs.o ABSOLUTE
    _printf_lli                              0x00000000   Number         0  stubs.o ABSOLUTE
    _printf_llo                              0x00000000   Number         0  stubs.o ABSOLUTE
    _printf_llu                              0x00000000   Number         0  stubs.o ABSOLUTE
    _printf_llx                              0x00000000   Number         0  stubs.o ABSOLUTE
    _printf_longlong_dec                     0x00000000   Number         0  stubs.o ABSOLUTE
    _printf_longlong_hex                     0x00000000   Number         0  stubs.o ABSOLUTE
    _printf_longlong_oct                     0x00000000   Number         0  stubs.o ABSOLUTE
    _printf_ls                               0x00000000   Number         0  stubs.o ABSOLUTE
    _printf_mbtowc                           0x00000000   Number         0  stubs.o ABSOLUTE
    _printf_n                                0x00000000   Number         0  stubs.o ABSOLUTE
    _printf_o                                0x00000000   Number         0  stubs.o ABSOLUTE
    _printf_p                                0x00000000   Number         0  stubs.o ABSOLUTE
    _printf_percent                          0x00000000   Number         0  stubs.o ABSOLUTE
    _printf_pre_padding                      0x00000000   Number         0  stubs.o ABSOLUTE
    _printf_return_value                     0x00000000   Number         0  stubs.o ABSOLUTE
    _printf_s                                0x00000000   Number         0  stubs.o ABSOLUTE
    _printf_sizespec                         0x00000000   Number         0  stubs.o ABSOLUTE
    _printf_str                              0x00000000   Number         0  stubs.o ABSOLUTE
    _printf_truncate_signed                  0x00000000   Number         0  stubs.o ABSOLUTE
    _printf_truncate_unsigned                0x00000000   Number         0  stubs.o ABSOLUTE
    _printf_u                                0x00000000   Number         0  stubs.o ABSOLUTE
    _printf_wc                               0x00000000   Number         0  stubs.o ABSOLUTE
    _printf_wctomb                           0x00000000   Number         0  stubs.o ABSOLUTE
    _printf_widthprec                        0x00000000   Number         0  stubs.o ABSOLUTE
    _printf_x                                0x00000000   Number         0  stubs.o ABSOLUTE
    __arm_fini_                               - Undefined Weak Reference
    __cpp_initialize__aeabi_                  - Undefined Weak Reference
    __cxa_finalize                            - Undefined Weak Reference
    _clock_init                               - Undefined Weak Reference
    _microlib_exit                            - Undefined Weak Reference
    __Vectors_End                            0x00000250   Data           0  startup_hc32f448.o(RESET)
    __Vectors_Size                           0x00000250   Number         0  startup_hc32f448.o ABSOLUTE
    __main                                   0x00000251   Thumb Code     0  entry.o(.ARM.Collect$$$$00000000)
    _main_stk                                0x00000251   Thumb Code     0  entry2.o(.ARM.Collect$$$$00000001)
    _main_scatterload                        0x00000255   Thumb Code     0  entry5.o(.ARM.Collect$$$$00000004)
    __main_after_scatterload                 0x00000259   Thumb Code     0  entry5.o(.ARM.Collect$$$$00000004)
    _main_clock                              0x00000259   Thumb Code     0  entry7b.o(.ARM.Collect$$$$00000008)
    _main_cpp_init                           0x00000259   Thumb Code     0  entry8b.o(.ARM.Collect$$$$0000000A)
    _main_init                               0x00000259   Thumb Code     0  entry9a.o(.ARM.Collect$$$$0000000B)
    __rt_lib_shutdown_fini                   0x00000261   Thumb Code     0  entry12b.o(.ARM.Collect$$$$0000000E)
    __rt_final_cpp                           0x00000265   Thumb Code     0  entry10a.o(.ARM.Collect$$$$0000000F)
    __rt_final_exit                          0x00000265   Thumb Code     0  entry11a.o(.ARM.Collect$$$$00000011)
    Reset_Handler                            0x00000269   Thumb Code     8  startup_hc32f448.o(.text)
    NMI_Handler                              0x00000271   Thumb Code     2  startup_hc32f448.o(.text)
    HardFault_Handler                        0x00000273   Thumb Code     2  startup_hc32f448.o(.text)
    MemManage_Handler                        0x00000275   Thumb Code     2  startup_hc32f448.o(.text)
    BusFault_Handler                         0x00000277   Thumb Code     2  startup_hc32f448.o(.text)
    UsageFault_Handler                       0x00000279   Thumb Code     2  startup_hc32f448.o(.text)
    SVC_Handler                              0x0000027b   Thumb Code     2  startup_hc32f448.o(.text)
    DebugMon_Handler                         0x0000027d   Thumb Code     2  startup_hc32f448.o(.text)
    PendSV_Handler                           0x0000027f   Thumb Code     2  startup_hc32f448.o(.text)
    ADC1_Handler                             0x00000283   Thumb Code     0  startup_hc32f448.o(.text)
    ADC2_Handler                             0x00000283   Thumb Code     0  startup_hc32f448.o(.text)
    ADC3_Handler                             0x00000283   Thumb Code     0  startup_hc32f448.o(.text)
    CLK_XtalStop_Handler                     0x00000283   Thumb Code     0  startup_hc32f448.o(.text)
    CMP1_Handler                             0x00000283   Thumb Code     0  startup_hc32f448.o(.text)
    CMP2_Handler                             0x00000283   Thumb Code     0  startup_hc32f448.o(.text)
    CMP3_Handler                             0x00000283   Thumb Code     0  startup_hc32f448.o(.text)
    CMP4_Handler                             0x00000283   Thumb Code     0  startup_hc32f448.o(.text)
    CTC_Handler                              0x00000283   Thumb Code     0  startup_hc32f448.o(.text)
    DCU1_Handler                             0x00000283   Thumb Code     0  startup_hc32f448.o(.text)
    DCU2_Handler                             0x00000283   Thumb Code     0  startup_hc32f448.o(.text)
    DCU3_Handler                             0x00000283   Thumb Code     0  startup_hc32f448.o(.text)
    DCU4_Handler                             0x00000283   Thumb Code     0  startup_hc32f448.o(.text)
    DMA1_Error_Handler                       0x00000283   Thumb Code     0  startup_hc32f448.o(.text)
    DMA1_TC0_BTC0_Handler                    0x00000283   Thumb Code     0  startup_hc32f448.o(.text)
    DMA1_TC1_BTC1_Handler                    0x00000283   Thumb Code     0  startup_hc32f448.o(.text)
    DMA1_TC2_BTC2_Handler                    0x00000283   Thumb Code     0  startup_hc32f448.o(.text)
    DMA1_TC3_BTC3_Handler                    0x00000283   Thumb Code     0  startup_hc32f448.o(.text)
    DMA1_TC4_BTC4_Handler                    0x00000283   Thumb Code     0  startup_hc32f448.o(.text)
    DMA1_TC5_BTC5_Handler                    0x00000283   Thumb Code     0  startup_hc32f448.o(.text)
    DMA2_Error_Handler                       0x00000283   Thumb Code     0  startup_hc32f448.o(.text)
    DMA2_TC0_BTC0_Handler                    0x00000283   Thumb Code     0  startup_hc32f448.o(.text)
    DMA2_TC1_BTC1_Handler                    0x00000283   Thumb Code     0  startup_hc32f448.o(.text)
    DMA2_TC2_BTC2_Handler                    0x00000283   Thumb Code     0  startup_hc32f448.o(.text)
    DMA2_TC3_BTC3_Handler                    0x00000283   Thumb Code     0  startup_hc32f448.o(.text)
    DMA2_TC4_BTC4_Handler                    0x00000283   Thumb Code     0  startup_hc32f448.o(.text)
    DMA2_TC5_BTC5_Handler                    0x00000283   Thumb Code     0  startup_hc32f448.o(.text)
    EFM_OpEnd_Handler                        0x00000283   Thumb Code     0  startup_hc32f448.o(.text)
    EFM_PEError_ReadCol_Handler              0x00000283   Thumb Code     0  startup_hc32f448.o(.text)
    EMB_GR0_Handler                          0x00000283   Thumb Code     0  startup_hc32f448.o(.text)
    EMB_GR1_Handler                          0x00000283   Thumb Code     0  startup_hc32f448.o(.text)
    EMB_GR2_Handler                          0x00000283   Thumb Code     0  startup_hc32f448.o(.text)
    EMB_GR3_Handler                          0x00000283   Thumb Code     0  startup_hc32f448.o(.text)
    EVENT_PORT1_Handler                      0x00000283   Thumb Code     0  startup_hc32f448.o(.text)
    EVENT_PORT2_Handler                      0x00000283   Thumb Code     0  startup_hc32f448.o(.text)
    EVENT_PORT3_Handler                      0x00000283   Thumb Code     0  startup_hc32f448.o(.text)
    EVENT_PORT4_Handler                      0x00000283   Thumb Code     0  startup_hc32f448.o(.text)
    EXTINT00_SWINT16_Handler                 0x00000283   Thumb Code     0  startup_hc32f448.o(.text)
    EXTINT01_SWINT17_Handler                 0x00000283   Thumb Code     0  startup_hc32f448.o(.text)
    EXTINT02_SWINT18_Handler                 0x00000283   Thumb Code     0  startup_hc32f448.o(.text)
    EXTINT03_SWINT19_Handler                 0x00000283   Thumb Code     0  startup_hc32f448.o(.text)
    EXTINT04_SWINT20_Handler                 0x00000283   Thumb Code     0  startup_hc32f448.o(.text)
    EXTINT05_SWINT21_Handler                 0x00000283   Thumb Code     0  startup_hc32f448.o(.text)
    EXTINT06_SWINT22_Handler                 0x00000283   Thumb Code     0  startup_hc32f448.o(.text)
    EXTINT07_SWINT23_Handler                 0x00000283   Thumb Code     0  startup_hc32f448.o(.text)
    EXTINT08_SWINT24_Handler                 0x00000283   Thumb Code     0  startup_hc32f448.o(.text)
    EXTINT09_SWINT25_Handler                 0x00000283   Thumb Code     0  startup_hc32f448.o(.text)
    EXTINT10_SWINT26_Handler                 0x00000283   Thumb Code     0  startup_hc32f448.o(.text)
    EXTINT11_SWINT27_Handler                 0x00000283   Thumb Code     0  startup_hc32f448.o(.text)
    EXTINT12_SWINT28_Handler                 0x00000283   Thumb Code     0  startup_hc32f448.o(.text)
    EXTINT13_SWINT29_Handler                 0x00000283   Thumb Code     0  startup_hc32f448.o(.text)
    EXTINT14_SWINT30_Handler                 0x00000283   Thumb Code     0  startup_hc32f448.o(.text)
    EXTINT15_SWINT31_Handler                 0x00000283   Thumb Code     0  startup_hc32f448.o(.text)
    FCM_Handler                              0x00000283   Thumb Code     0  startup_hc32f448.o(.text)
    I2C1_Handler                             0x00000283   Thumb Code     0  startup_hc32f448.o(.text)
    I2C2_Handler                             0x00000283   Thumb Code     0  startup_hc32f448.o(.text)
    IRQ003_Handler                           0x00000283   Thumb Code     0  startup_hc32f448.o(.text)
    IRQ004_Handler                           0x00000283   Thumb Code     0  startup_hc32f448.o(.text)
    IRQ005_Handler                           0x00000283   Thumb Code     0  startup_hc32f448.o(.text)
    IRQ006_Handler                           0x00000283   Thumb Code     0  startup_hc32f448.o(.text)
    IRQ007_Handler                           0x00000283   Thumb Code     0  startup_hc32f448.o(.text)
    IRQ008_Handler                           0x00000283   Thumb Code     0  startup_hc32f448.o(.text)
    IRQ009_Handler                           0x00000283   Thumb Code     0  startup_hc32f448.o(.text)
    IRQ010_Handler                           0x00000283   Thumb Code     0  startup_hc32f448.o(.text)
    IRQ011_Handler                           0x00000283   Thumb Code     0  startup_hc32f448.o(.text)
    IRQ012_Handler                           0x00000283   Thumb Code     0  startup_hc32f448.o(.text)
    IRQ013_Handler                           0x00000283   Thumb Code     0  startup_hc32f448.o(.text)
    IRQ014_Handler                           0x00000283   Thumb Code     0  startup_hc32f448.o(.text)
    IRQ015_Handler                           0x00000283   Thumb Code     0  startup_hc32f448.o(.text)
    MCAN1_INT0_Handler                       0x00000283   Thumb Code     0  startup_hc32f448.o(.text)
    MCAN1_INT1_Handler                       0x00000283   Thumb Code     0  startup_hc32f448.o(.text)
    MCAN2_INT0_Handler                       0x00000283   Thumb Code     0  startup_hc32f448.o(.text)
    MCAN2_INT1_Handler                       0x00000283   Thumb Code     0  startup_hc32f448.o(.text)
    PWC_WKTM_Handler                         0x00000283   Thumb Code     0  startup_hc32f448.o(.text)
    QSPI_Handler                             0x00000283   Thumb Code     0  startup_hc32f448.o(.text)
    RTC_Handler                              0x00000283   Thumb Code     0  startup_hc32f448.o(.text)
    SPI1_Handler                             0x00000283   Thumb Code     0  startup_hc32f448.o(.text)
    SPI2_Handler                             0x00000283   Thumb Code     0  startup_hc32f448.o(.text)
    SPI3_Handler                             0x00000283   Thumb Code     0  startup_hc32f448.o(.text)
    SWDT_Handler                             0x00000283   Thumb Code     0  startup_hc32f448.o(.text)
    TMR0_1_Handler                           0x00000283   Thumb Code     0  startup_hc32f448.o(.text)
    TMR0_2_Handler                           0x00000283   Thumb Code     0  startup_hc32f448.o(.text)
    TMR4_1_GCmp_Handler                      0x00000283   Thumb Code     0  startup_hc32f448.o(.text)
    TMR4_1_Ovf_Udf_Handler                   0x00000283   Thumb Code     0  startup_hc32f448.o(.text)
    TMR4_1_Reload_Handler                    0x00000283   Thumb Code     0  startup_hc32f448.o(.text)
    TMR4_1_SCmp_Handler                      0x00000283   Thumb Code     0  startup_hc32f448.o(.text)
    TMR4_2_GCmp_Handler                      0x00000283   Thumb Code     0  startup_hc32f448.o(.text)
    TMR4_2_Ovf_Udf_Handler                   0x00000283   Thumb Code     0  startup_hc32f448.o(.text)
    TMR4_2_Reload_Handler                    0x00000283   Thumb Code     0  startup_hc32f448.o(.text)
    TMR4_2_SCmp_Handler                      0x00000283   Thumb Code     0  startup_hc32f448.o(.text)
    TMR4_3_GCmp_Handler                      0x00000283   Thumb Code     0  startup_hc32f448.o(.text)
    TMR4_3_Ovf_Udf_Handler                   0x00000283   Thumb Code     0  startup_hc32f448.o(.text)
    TMR4_3_Reload_Handler                    0x00000283   Thumb Code     0  startup_hc32f448.o(.text)
    TMR4_3_SCmp_Handler                      0x00000283   Thumb Code     0  startup_hc32f448.o(.text)
    TMR6_1_GCmp_Handler                      0x00000283   Thumb Code     0  startup_hc32f448.o(.text)
    TMR6_1_GDet_Handler                      0x00000283   Thumb Code     0  startup_hc32f448.o(.text)
    TMR6_1_Ovf_Udf_Handler                   0x00000283   Thumb Code     0  startup_hc32f448.o(.text)
    TMR6_1_SCmp_Handler                      0x00000283   Thumb Code     0  startup_hc32f448.o(.text)
    TMR6_2_GCmp_Handler                      0x00000283   Thumb Code     0  startup_hc32f448.o(.text)
    TMR6_2_GDet_Handler                      0x00000283   Thumb Code     0  startup_hc32f448.o(.text)
    TMR6_2_Ovf_Udf_Handler                   0x00000283   Thumb Code     0  startup_hc32f448.o(.text)
    TMR6_2_SCmp_Handler                      0x00000283   Thumb Code     0  startup_hc32f448.o(.text)
    TMRA_1_Cmp_Handler                       0x00000283   Thumb Code     0  startup_hc32f448.o(.text)
    TMRA_1_Ovf_Udf_Handler                   0x00000283   Thumb Code     0  startup_hc32f448.o(.text)
    TMRA_2_Cmp_Handler                       0x00000283   Thumb Code     0  startup_hc32f448.o(.text)
    TMRA_2_Ovf_Udf_Handler                   0x00000283   Thumb Code     0  startup_hc32f448.o(.text)
    TMRA_3_Cmp_Handler                       0x00000283   Thumb Code     0  startup_hc32f448.o(.text)
    TMRA_3_Ovf_Udf_Handler                   0x00000283   Thumb Code     0  startup_hc32f448.o(.text)
    TMRA_4_Cmp_Handler                       0x00000283   Thumb Code     0  startup_hc32f448.o(.text)
    TMRA_4_Ovf_Udf_Handler                   0x00000283   Thumb Code     0  startup_hc32f448.o(.text)
    TMRA_5_Cmp_Handler                       0x00000283   Thumb Code     0  startup_hc32f448.o(.text)
    TMRA_5_Ovf_Udf_Handler                   0x00000283   Thumb Code     0  startup_hc32f448.o(.text)
    TRNG_Handler                             0x00000283   Thumb Code     0  startup_hc32f448.o(.text)
    USART1_Handler                           0x00000283   Thumb Code     0  startup_hc32f448.o(.text)
    USART1_TxComplete_Handler                0x00000283   Thumb Code     0  startup_hc32f448.o(.text)
    USART1_WKUP_Handler                      0x00000283   Thumb Code     0  startup_hc32f448.o(.text)
    USART2_Handler                           0x00000283   Thumb Code     0  startup_hc32f448.o(.text)
    USART2_TxComplete_Handler                0x00000283   Thumb Code     0  startup_hc32f448.o(.text)
    USART3_Handler                           0x00000283   Thumb Code     0  startup_hc32f448.o(.text)
    USART3_TxComplete_Handler                0x00000283   Thumb Code     0  startup_hc32f448.o(.text)
    USART4_Handler                           0x00000283   Thumb Code     0  startup_hc32f448.o(.text)
    USART4_TxComplete_Handler                0x00000283   Thumb Code     0  startup_hc32f448.o(.text)
    USART5_Handler                           0x00000283   Thumb Code     0  startup_hc32f448.o(.text)
    USART5_TxComplete_Handler                0x00000283   Thumb Code     0  startup_hc32f448.o(.text)
    USART6_Handler                           0x00000283   Thumb Code     0  startup_hc32f448.o(.text)
    USART6_TxComplete_Handler                0x00000283   Thumb Code     0  startup_hc32f448.o(.text)
    WDT_Handler                              0x00000283   Thumb Code     0  startup_hc32f448.o(.text)
    __aeabi_memcpy                           0x0000028d   Thumb Code    36  memcpya.o(.text)
    __aeabi_memcpy4                          0x0000028d   Thumb Code     0  memcpya.o(.text)
    __aeabi_memcpy8                          0x0000028d   Thumb Code     0  memcpya.o(.text)
    __aeabi_uidiv                            0x000002b1   Thumb Code     0  uidiv.o(.text)
    __aeabi_uidivmod                         0x000002b1   Thumb Code    44  uidiv.o(.text)
    __scatterload                            0x000002dd   Thumb Code    28  init.o(.text)
    __scatterload_rt2                        0x000002dd   Thumb Code     0  init.o(.text)
    __decompress                             0x00000301   Thumb Code     0  __dczerorl2.o(.text)
    __decompress1                            0x00000301   Thumb Code    86  __dczerorl2.o(.text)
    Adc_InitSample                           0x00000359   Thumb Code   132  adc_sample.o(i.Adc_InitSample)
    InitMcu_FeedWdg                          0x000003e9   Thumb Code    16  init_mcu.o(i.InitMcu_FeedWdg)
    InitMcu_Gpio                             0x000003fd   Thumb Code     2  init_mcu.o(i.InitMcu_Gpio)
    Motor_FastStop                           0x000003ff   Thumb Code     2  motor_control.o(i.Motor_FastStop)
    u32ICGValue                              0x00000400   Data          96  hc32_ll_icg.o(.ARM.__AT_0x00000400)
    Adc_CheckOffset                          0x00000461   Thumb Code   180  adc_sample.o(i.Adc_CheckOffset)
    Adc_Sample                               0x00000525   Thumb Code   140  adc_sample.o(i.Adc_Sample)
    AnaSpd_Init                              0x000005c5   Thumb Code    44  cmd_set_analog_io.o(i.AnaSpd_Init)
    AnaSpd_SetCmdSpd                         0x000005f9   Thumb Code   128  cmd_set_analog_io.o(i.AnaSpd_SetCmdSpd)
    DDL_AssertHandler                        0x00000679   Thumb Code    14  hc32_ll_utility.o(i.DDL_AssertHandler)
    DDL_ConsoleOutputChar                    0x000006b9   Thumb Code    60  hc32_ll_utility.o(i.DDL_ConsoleOutputChar)
    Filter_FirstLpf                          0x000006f9   Thumb Code    36  filter.o(i.Filter_FirstLpf)
    Filter_InitFirstLpf                      0x0000071d   Thumb Code    76  filter.o(i.Filter_InitFirstLpf)
    Filter_InitPeriodAvg                     0x00000775   Thumb Code    72  filter.o(i.Filter_InitPeriodAvg)
    Filter_PeriodAvg                         0x000007c9   Thumb Code    38  filter.o(i.Filter_PeriodAvg)
    Flux_Init                                0x000007f1   Thumb Code   208  flux_observer.o(i.Flux_Init)
    Flux_Observer                            0x000008d5   Thumb Code   302  flux_observer.o(i.Flux_Observer)
    IRQ000_Handler                           0x00000a09   Thumb Code    58  isr.o(i.IRQ000_Handler)
    IRQ001_Handler                           0x00000a51   Thumb Code    34  isr.o(i.IRQ001_Handler)
    IRQ002_Handler                           0x00000a7d   Thumb Code    54  isr.o(i.IRQ002_Handler)
    InitMcu_Adc                              0x00000ac1   Thumb Code   388  init_mcu.o(i.InitMcu_Adc)
    InitMcu_Clock                            0x00000c6d   Thumb Code   660  init_mcu.o(i.InitMcu_Clock)
    InitMcu_EnMotorPwm                       0x00000f71   Thumb Code    70  init_mcu.o(i.InitMcu_EnMotorPwm)
    InitMcu_InitMotorTimer                   0x00000fbd   Thumb Code   786  init_mcu.o(i.InitMcu_InitMotorTimer)
    InitMcu_Nvic                             0x00001301   Thumb Code    84  init_mcu.o(i.InitMcu_Nvic)
    InitMcu_SetGPO2ANI                       0x00001359   Thumb Code   138  init_mcu.o(i.InitMcu_SetGPO2ANI)
    InitMcu_StartMotorTimer                  0x000013f5   Thumb Code    18  init_mcu.o(i.InitMcu_StartMotorTimer)
    InitMcu_StartSystemTicker                0x0000140d   Thumb Code    20  init_mcu.o(i.InitMcu_StartSystemTicker)
    InitMcu_SystemTicker                     0x00001421   Thumb Code    28  init_mcu.o(i.InitMcu_SystemTicker)
    InitMcu_UpdateMotorPwmDuty               0x00001441   Thumb Code    22  init_mcu.o(i.InitMcu_UpdateMotorPwmDuty)
    Math_Atan2                               0x0000145d   Thumb Code   188  module_math.o(i.Math_Atan2)
    Math_Cos                                 0x00001519   Thumb Code     8  module_math.o(i.Math_Cos)
    Math_Sin                                 0x00001521   Thumb Code    70  module_math.o(i.Math_Sin)
    Math_SinCos                              0x0000156d   Thumb Code   124  module_math.o(i.Math_SinCos)
    Math_Sqrt                                0x000015ed   Thumb Code   254  module_math.o(i.Math_Sqrt)
    Motor_CVLimit                            0x000016ed   Thumb Code    84  motor_control.o(i.Motor_CVLimit)
    Motor_HwInit                             0x00001749   Thumb Code   392  motor_control.o(i.Motor_HwInit)
    Motor_MainIsrHandler                     0x00001921   Thumb Code   344  motor_control.o(i.Motor_MainIsrHandler)
    Motor_SwInit                             0x00001a81   Thumb Code  1296  motor_control.o(i.Motor_SwInit)
    Motor_SysTickerIsrHandler                0x00001f99   Thumb Code   138  motor_control.o(i.Motor_SysTickerIsrHandler)
    PID_IncPid                               0x0000202d   Thumb Code    90  pid.o(i.PID_IncPid)
    PID_InitIncPid                           0x00002089   Thumb Code   132  pid.o(i.PID_InitIncPid)
    PID_InitPosPid                           0x0000211d   Thumb Code   136  pid.o(i.PID_InitPosPid)
    PID_PosPid                               0x000021b5   Thumb Code   120  pid.o(i.PID_PosPid)
    Prot_InitMonitorVbus                     0x0000222d   Thumb Code   176  protection.o(i.Prot_InitMonitorVbus)
    Prot_InitOverCurrent                     0x000022e9   Thumb Code    86  protection.o(i.Prot_InitOverCurrent)
    Prot_MonitorVbus                         0x0000234d   Thumb Code   236  protection.o(i.Prot_MonitorVbus)
    Prot_MotorOverCurrent                    0x0000243d   Thumb Code   124  protection.o(i.Prot_MotorOverCurrent)
    Speed_CmdSpdSet                          0x000024bd   Thumb Code   162  speed_set.o(i.Speed_CmdSpdSet)
    Speed_InitCmdSpdSet                      0x00002565   Thumb Code    82  speed_set.o(i.Speed_InitCmdSpdSet)
    Speed_InitSpdTraj                        0x000025cd   Thumb Code   164  speed_set.o(i.Speed_InitSpdTraj)
    Speed_TgtSpdTraj                         0x00002699   Thumb Code    62  speed_set.o(i.Speed_TgtSpdTraj)
    Startup_Control                          0x000026d9   Thumb Code   636  startup_control.o(i.Startup_Control)
    Startup_Init                             0x00002989   Thumb Code   726  startup_control.o(i.Startup_Init)
    Stop_Control                             0x00002ce5   Thumb Code   290  stop_control.o(i.Stop_Control)
    Stop_Init                                0x00002e35   Thumb Code    20  stop_control.o(i.Stop_Init)
    Svpwm_7SegSymmPwm                        0x00002e49   Thumb Code   110  svpwm.o(i.Svpwm_7SegSymmPwm)
    Svpwm_CalcDuration                       0x00002eb7   Thumb Code   306  svpwm.o(i.Svpwm_CalcDuration)
    Svpwm_InitCalc                           0x00002fe9   Thumb Code    58  svpwm.o(i.Svpwm_InitCalc)
    SysTick_Handler                          0x00003025   Thumb Code    14  isr.o(i.SysTick_Handler)
    SystemCoreClockUpdate                    0x00003039   Thumb Code   122  system_hc32f448.o(i.SystemCoreClockUpdate)
    SystemInit                               0x000030d1   Thumb Code    26  system_hc32f448.o(i.SystemInit)
    Transf_Clarke                            0x000030f1   Thumb Code    30  coordinate_transform.o(i.Transf_Clarke)
    Transf_InvPark                           0x0000310f   Thumb Code    42  coordinate_transform.o(i.Transf_InvPark)
    Transf_Park                              0x00003139   Thumb Code    36  coordinate_transform.o(i.Transf_Park)
    __0printf$3                              0x0000315d   Thumb Code    22  printf3.o(i.__0printf$3)
    __1printf$3                              0x0000315d   Thumb Code     0  printf3.o(i.__0printf$3)
    __2printf                                0x0000315d   Thumb Code     0  printf3.o(i.__0printf$3)
    __scatterload_copy                       0x000031d1   Thumb Code    14  handlers.o(i.__scatterload_copy)
    __scatterload_null                       0x000031df   Thumb Code     2  handlers.o(i.__scatterload_null)
    __scatterload_zeroinit                   0x000031e1   Thumb Code    14  handlers.o(i.__scatterload_zeroinit)
    fputc                                    0x000033a9   Thumb Code    22  hc32_ll_utility.o(i.fputc)
    main                                     0x000033c1   Thumb Code    54  main.o(i.main)
    u16Q15_SinTbl                            0x00003400   Data         514  module_math.o(.constdata)
    Region$$Table$$Base                      0x00003604   Number         0  anon$$obj.o(Region$$Table)
    Region$$Table$$Limit                     0x00003624   Number         0  anon$$obj.o(Region$$Table)
    i32_CLK_FREQ                             0x1fff8000   Data           4  hardware_config.o(.data)
    u8_ADC_CH_VDC                            0x1fff8004   Data           1  hardware_config.o(.data)
    u8_ADC_CH_IU                             0x1fff8005   Data           1  hardware_config.o(.data)
    u8_ADC_CH_IV                             0x1fff8006   Data           1  hardware_config.o(.data)
    u8_ADC_CH_VSP                            0x1fff8007   Data           1  hardware_config.o(.data)
    SystemCoreClock                          0x1fff8018   Data           4  system_hc32f448.o(.data)
    HRC_VALUE                                0x1fff801c   Data           4  system_hc32f448.o(.data)
    g_stcMotorIab                            0x1fff8020   Data           8  motor_control.o(.data)
    g_stcMotorVabRef                         0x1fff8028   Data           8  motor_control.o(.data)
    g_stcMotorVabRefZ                        0x1fff8030   Data           8  motor_control.o(.data)
    ui_i32CarrierFreqHz                      0x1fff8038   Data           4  user_interface.o(.data)
    ui_i32SysTickerFreqHz                    0x1fff803c   Data           4  user_interface.o(.data)
    ui_f32DeadTimeUs                         0x1fff8040   Data           4  user_interface.o(.data)
    ui_f32MaxDutyRatio                       0x1fff8044   Data           4  user_interface.o(.data)
    ui_f32AdcTrigTimeUs                      0x1fff8048   Data           4  user_interface.o(.data)
    ui_f32IuvwSampleRs                       0x1fff804c   Data           4  user_interface.o(.data)
    ui_f32IuvwSampleK                        0x1fff8050   Data           4  user_interface.o(.data)
    ui_i32AdcCheckDelayMs                    0x1fff8054   Data           4  user_interface.o(.data)
    ui_f32OffsetCheckTimeMs                  0x1fff8058   Data           4  user_interface.o(.data)
    ui_i32IuvwRefOffset                      0x1fff805c   Data           4  user_interface.o(.data)
    ui_i32IuvwMaxOffsetBias                  0x1fff8060   Data           4  user_interface.o(.data)
    ui_f32VbusSampleK                        0x1fff8064   Data           4  user_interface.o(.data)
    ui_f32BaseVoltage                        0x1fff8068   Data           4  user_interface.o(.data)
    ui_f32BaseCurrent                        0x1fff806c   Data           4  user_interface.o(.data)
    ui_f32BaseFrequency                      0x1fff8070   Data           4  user_interface.o(.data)
    ui_i32PolePairs                          0x1fff8074   Data           4  user_interface.o(.data)
    ui_f32Rs                                 0x1fff8078   Data           4  user_interface.o(.data)
    ui_f32Ld                                 0x1fff807c   Data           4  user_interface.o(.data)
    ui_f32Lq                                 0x1fff8080   Data           4  user_interface.o(.data)
    ui_f32Ke                                 0x1fff8084   Data           4  user_interface.o(.data)
    ui_i32MinSpeedRpm                        0x1fff8088   Data           4  user_interface.o(.data)
    ui_i32MaxSpeedRpm                        0x1fff808c   Data           4  user_interface.o(.data)
    ui_f32MaxNormaIs                         0x1fff8090   Data           4  user_interface.o(.data)
    ui_f32MaxStartIs                         0x1fff8094   Data           4  user_interface.o(.data)
    ui_f32AccHzPerSec                        0x1fff8098   Data           4  user_interface.o(.data)
    ui_f32DecHzPerSec                        0x1fff809c   Data           4  user_interface.o(.data)
    ui_f32AbnormalHighVbus                   0x1fff80a0   Data           4  user_interface.o(.data)
    ui_f32AbnormalLowVbus                    0x1fff80a4   Data           4  user_interface.o(.data)
    ui_i32AbnormalVbusTimeUs                 0x1fff80a8   Data           4  user_interface.o(.data)
    ui_f32OverVoltageThold                   0x1fff80ac   Data           4  user_interface.o(.data)
    ui_i32OverVoltageTimeUs                  0x1fff80b0   Data           4  user_interface.o(.data)
    ui_f32UnderVoltageThold                  0x1fff80b4   Data           4  user_interface.o(.data)
    ui_i32UnderVoltageTimeUs                 0x1fff80b8   Data           4  user_interface.o(.data)
    ui_f32PeakOverCurrThold                  0x1fff80bc   Data           4  user_interface.o(.data)
    ui_i32PeakOverCurrTimeUs                 0x1fff80c0   Data           4  user_interface.o(.data)
    ui_i32ErrClearTimeMs                     0x1fff80c4   Data           4  user_interface.o(.data)
    ui_f32FluxObsGamma                       0x1fff80c8   Data           4  user_interface.o(.data)
    ui_f32FluxObsPLLKp                       0x1fff80cc   Data           4  user_interface.o(.data)
    ui_f32FluxObsPLLKi                       0x1fff80d0   Data           4  user_interface.o(.data)
    ui_f32SpdRegPeriodMs                     0x1fff80d4   Data           4  user_interface.o(.data)
    ui_f32ObsStableTimeMs                    0x1fff80d8   Data           4  user_interface.o(.data)
    ui_f32MinObserableWr                     0x1fff80dc   Data           4  user_interface.o(.data)
    ui_f32AlignCurrent                       0x1fff80e0   Data           4  user_interface.o(.data)
    ui_f32_1stAlignTimeMs                    0x1fff80e4   Data           4  user_interface.o(.data)
    ui_f32_2ndAlignTimeMs                    0x1fff80e8   Data           4  user_interface.o(.data)
    ui_f32_3rdAlignTimeMs                    0x1fff80ec   Data           4  user_interface.o(.data)
    ui_f32_2ndAlignFwdTheta                  0x1fff80f0   Data           4  user_interface.o(.data)
    ui_f32ForceCurrentSlop                   0x1fff80f4   Data           4  user_interface.o(.data)
    ui_f32ForceAccRate                       0x1fff80f8   Data           4  user_interface.o(.data)
    ui_f32MaxForceSpd                        0x1fff80fc   Data           4  user_interface.o(.data)
    ui_f32HeadWindStartCurrent               0x1fff8100   Data           4  user_interface.o(.data)
    ui_f32HeadWindMaxForceSpd                0x1fff8104   Data           4  user_interface.o(.data)
    ui_f32HeadWindForceAccRate               0x1fff8108   Data           4  user_interface.o(.data)
    ui_f32MinShortBrakeTimeMs                0x1fff810c   Data           4  user_interface.o(.data)
    ui_f32MaxShortBrakeTimeMs                0x1fff8110   Data           4  user_interface.o(.data)
    ui_f32ShortBrakeEndIs                    0x1fff8114   Data           4  user_interface.o(.data)
    ui_f32SpdKp                              0x1fff8118   Data           4  user_interface.o(.data)
    ui_f32SpdKi                              0x1fff811c   Data           4  user_interface.o(.data)
    ui_f32MaxSpdErr                          0x1fff8120   Data           4  user_interface.o(.data)
    ui_f32IdKp                               0x1fff8124   Data           4  user_interface.o(.data)
    ui_f32IdKi                               0x1fff8128   Data           4  user_interface.o(.data)
    ui_f32MaxIdErr                           0x1fff812c   Data           4  user_interface.o(.data)
    ui_f32IqKp                               0x1fff8130   Data           4  user_interface.o(.data)
    ui_f32IqKi                               0x1fff8134   Data           4  user_interface.o(.data)
    ui_f32MaxIqErr                           0x1fff8138   Data           4  user_interface.o(.data)
    ui_i32VdLpfFc                            0x1fff813c   Data           4  user_interface.o(.data)
    ui_i32VqLpfFc                            0x1fff8140   Data           4  user_interface.o(.data)
    __stdout                                 0x1fff8144   Data           4  stdout.o(.data)
    gstcSysClk                               0x1fff8148   Data          36  init_mcu.o(.bss)
    g_stcMotorAnaSpdSet                      0x1fff816c   Data          40  cmd_set_analog_io.o(.bss)
    g_stcAdcSample                           0x1fff8194   Data          56  motor_control.o(.bss)
    g_stcMotorPara                           0x1fff81cc   Data          20  motor_control.o(.bss)
    g_stcMotorIuvw                           0x1fff81e0   Data          12  motor_control.o(.bss)
    g_stcMotorIdq                            0x1fff81ec   Data          16  motor_control.o(.bss)
    g_stcMotorIdqRef                         0x1fff81fc   Data          16  motor_control.o(.bss)
    g_stcMotorVdqRef                         0x1fff820c   Data          16  motor_control.o(.bss)
    g_stcMotorWrPid                          0x1fff821c   Data          36  motor_control.o(.bss)
    g_stcMotorIdPid                          0x1fff8240   Data          32  motor_control.o(.bss)
    g_stcMotorIqPid                          0x1fff8260   Data          32  motor_control.o(.bss)
    g_stcMotorCmdSpdSet                      0x1fff8280   Data          28  motor_control.o(.bss)
    g_stcMotorSpdTraj                        0x1fff829c   Data          20  motor_control.o(.bss)
    g_stcMotorProtVbus                       0x1fff82b0   Data          44  motor_control.o(.bss)
    g_stcMotorOverCurrent                    0x1fff82dc   Data          16  motor_control.o(.bss)
    g_stcMotorTimer                          0x1fff82ec   Data          24  motor_control.o(.bss)
    g_stcMotorFluxObs                        0x1fff8304   Data          88  motor_control.o(.bss)
    g_stcMotorSvpwm                          0x1fff835c   Data          24  motor_control.o(.bss)
    g_stcMotorPwmGen                         0x1fff8374   Data          12  motor_control.o(.bss)
    g_stcMotorRunPara                        0x1fff8380   Data          64  motor_control.o(.bss)
    g_stcMotorStartup                        0x1fff83c0   Data         108  motor_control.o(.bss)
    g_stcMotorStopCtrl                       0x1fff842c   Data          44  motor_control.o(.bss)
    g_stcMotorVbusAvgF                       0x1fff8458   Data          16  motor_control.o(.bss)
    g_stcMotorVdLpf                          0x1fff8468   Data          16  motor_control.o(.bss)
    g_stcMotorVqLpf                          0x1fff8478   Data          16  motor_control.o(.bss)
    g_stcMotorLimit                          0x1fff8488   Data          12  motor_control.o(.bss)
    __initial_sp                             0x1fff9098   Data           0  startup_hc32f448.o(STACK)



==============================================================================

Memory Map of the image

  Image Entry point : 0x00000251

  Load Region LR_IROM1 (Base: 0x00000000, Size: 0x0000376c, Max: 0x00040000, ABSOLUTE, COMPRESSED[0x000036d4])

    Execution Region ER_IROM1 (Exec base: 0x00000000, Load base: 0x00000000, Size: 0x00003624, Max: 0x00040000, ABSOLUTE)

    Exec Addr    Load Addr    Size         Type   Attr      Idx    E Section Name        Object

    0x00000000   0x00000000   0x00000250   Data   RO         3764    RESET               startup_hc32f448.o
    0x00000250   0x00000250   0x00000000   Code   RO         3769  * .ARM.Collect$$$$00000000  mc_w.l(entry.o)
    0x00000250   0x00000250   0x00000004   Code   RO         4039    .ARM.Collect$$$$00000001  mc_w.l(entry2.o)
    0x00000254   0x00000254   0x00000004   Code   RO         4042    .ARM.Collect$$$$00000004  mc_w.l(entry5.o)
    0x00000258   0x00000258   0x00000000   Code   RO         4044    .ARM.Collect$$$$00000008  mc_w.l(entry7b.o)
    0x00000258   0x00000258   0x00000000   Code   RO         4046    .ARM.Collect$$$$0000000A  mc_w.l(entry8b.o)
    0x00000258   0x00000258   0x00000008   Code   RO         4047    .ARM.Collect$$$$0000000B  mc_w.l(entry9a.o)
    0x00000260   0x00000260   0x00000004   Code   RO         4054    .ARM.Collect$$$$0000000E  mc_w.l(entry12b.o)
    0x00000264   0x00000264   0x00000000   Code   RO         4049    .ARM.Collect$$$$0000000F  mc_w.l(entry10a.o)
    0x00000264   0x00000264   0x00000000   Code   RO         4051    .ARM.Collect$$$$00000011  mc_w.l(entry11a.o)
    0x00000264   0x00000264   0x00000004   Code   RO         4040    .ARM.Collect$$$$00002712  mc_w.l(entry2.o)
    0x00000268   0x00000268   0x00000024   Code   RO         3765    .text               startup_hc32f448.o
    0x0000028c   0x0000028c   0x00000024   Code   RO         3774    .text               mc_w.l(memcpya.o)
    0x000002b0   0x000002b0   0x0000002c   Code   RO         4056    .text               mc_w.l(uidiv.o)
    0x000002dc   0x000002dc   0x00000024   Code   RO         4071    .text               mc_w.l(init.o)
    0x00000300   0x00000300   0x00000056   Code   RO         4087    .text               mc_w.l(__dczerorl2.o)
    0x00000356   0x00000356   0x00000002   PAD
    0x00000358   0x00000358   0x00000090   Code   RO         3174    i.Adc_InitSample    adc_sample.o
    0x000003e8   0x000003e8   0x00000014   Code   RO          207    i.InitMcu_FeedWdg   init_mcu.o
    0x000003fc   0x000003fc   0x00000002   Code   RO          208    i.InitMcu_Gpio      init_mcu.o
    0x000003fe   0x000003fe   0x00000002   Code   RO         3626    i.Motor_FastStop    motor_control.o
    0x00000400   0x00000400   0x00000060   Data   RO         2183    .ARM.__AT_0x00000400  hc32_ll_icg.o
    0x00000460   0x00000460   0x000000c4   Code   RO         3173    i.Adc_CheckOffset   adc_sample.o
    0x00000524   0x00000524   0x000000a0   Code   RO         3175    i.Adc_Sample        adc_sample.o
    0x000005c4   0x000005c4   0x00000034   Code   RO         3570    i.AnaSpd_Init       cmd_set_analog_io.o
    0x000005f8   0x000005f8   0x00000080   Code   RO         3571    i.AnaSpd_SetCmdSpd  cmd_set_analog_io.o
    0x00000678   0x00000678   0x00000040   Code   RO         2990    i.DDL_AssertHandler  hc32_ll_utility.o
    0x000006b8   0x000006b8   0x00000040   Code   RO         2991    i.DDL_ConsoleOutputChar  hc32_ll_utility.o
    0x000006f8   0x000006f8   0x00000024   Code   RO         3255    i.Filter_FirstLpf   filter.o
    0x0000071c   0x0000071c   0x00000058   Code   RO         3256    i.Filter_InitFirstLpf  filter.o
    0x00000774   0x00000774   0x00000054   Code   RO         3257    i.Filter_InitPeriodAvg  filter.o
    0x000007c8   0x000007c8   0x00000026   Code   RO         3258    i.Filter_PeriodAvg  filter.o
    0x000007ee   0x000007ee   0x00000002   PAD
    0x000007f0   0x000007f0   0x000000e4   Code   RO         3300    i.Flux_Init         flux_observer.o
    0x000008d4   0x000008d4   0x00000134   Code   RO         3301    i.Flux_Observer     flux_observer.o
    0x00000a08   0x00000a08   0x00000048   Code   RO          395    i.IRQ000_Handler    isr.o
    0x00000a50   0x00000a50   0x0000002c   Code   RO          396    i.IRQ001_Handler    isr.o
    0x00000a7c   0x00000a7c   0x00000044   Code   RO          397    i.IRQ002_Handler    isr.o
    0x00000ac0   0x00000ac0   0x000001ac   Code   RO          203    i.InitMcu_Adc       init_mcu.o
    0x00000c6c   0x00000c6c   0x00000304   Code   RO          204    i.InitMcu_Clock     init_mcu.o
    0x00000f70   0x00000f70   0x0000004c   Code   RO          206    i.InitMcu_EnMotorPwm  init_mcu.o
    0x00000fbc   0x00000fbc   0x00000344   Code   RO          209    i.InitMcu_InitMotorTimer  init_mcu.o
    0x00001300   0x00001300   0x00000058   Code   RO          210    i.InitMcu_Nvic      init_mcu.o
    0x00001358   0x00001358   0x0000009c   Code   RO          217    i.InitMcu_SetGPO2ANI  init_mcu.o
    0x000013f4   0x000013f4   0x00000018   Code   RO          219    i.InitMcu_StartMotorTimer  init_mcu.o
    0x0000140c   0x0000140c   0x00000014   Code   RO          220    i.InitMcu_StartSystemTicker  init_mcu.o
    0x00001420   0x00001420   0x00000020   Code   RO          221    i.InitMcu_SystemTicker  init_mcu.o
    0x00001440   0x00001440   0x0000001c   Code   RO          223    i.InitMcu_UpdateMotorPwmDuty  init_mcu.o
    0x0000145c   0x0000145c   0x000000bc   Code   RO         3324    i.Math_Atan2        module_math.o
    0x00001518   0x00001518   0x00000008   Code   RO         3325    i.Math_Cos          module_math.o
    0x00001520   0x00001520   0x0000004c   Code   RO         3326    i.Math_Sin          module_math.o
    0x0000156c   0x0000156c   0x00000080   Code   RO         3327    i.Math_SinCos       module_math.o
    0x000015ec   0x000015ec   0x000000fe   Code   RO         3328    i.Math_Sqrt         module_math.o
    0x000016ea   0x000016ea   0x00000002   PAD
    0x000016ec   0x000016ec   0x0000005c   Code   RO         3625    i.Motor_CVLimit     motor_control.o
    0x00001748   0x00001748   0x000001d8   Code   RO         3627    i.Motor_HwInit      motor_control.o
    0x00001920   0x00001920   0x00000160   Code   RO         3628    i.Motor_MainIsrHandler  motor_control.o
    0x00001a80   0x00001a80   0x00000518   Code   RO         3629    i.Motor_SwInit      motor_control.o
    0x00001f98   0x00001f98   0x00000094   Code   RO         3630    i.Motor_SysTickerIsrHandler  motor_control.o
    0x0000202c   0x0000202c   0x0000005a   Code   RO         3366    i.PID_IncPid        pid.o
    0x00002086   0x00002086   0x00000002   PAD
    0x00002088   0x00002088   0x00000094   Code   RO         3367    i.PID_InitIncPid    pid.o
    0x0000211c   0x0000211c   0x00000098   Code   RO         3368    i.PID_InitPosPid    pid.o
    0x000021b4   0x000021b4   0x00000078   Code   RO         3369    i.PID_PosPid        pid.o
    0x0000222c   0x0000222c   0x000000bc   Code   RO         3399    i.Prot_InitMonitorVbus  protection.o
    0x000022e8   0x000022e8   0x00000064   Code   RO         3400    i.Prot_InitOverCurrent  protection.o
    0x0000234c   0x0000234c   0x000000f0   Code   RO         3401    i.Prot_MonitorVbus  protection.o
    0x0000243c   0x0000243c   0x00000080   Code   RO         3402    i.Prot_MotorOverCurrent  protection.o
    0x000024bc   0x000024bc   0x000000a8   Code   RO         3441    i.Speed_CmdSpdSet   speed_set.o
    0x00002564   0x00002564   0x00000068   Code   RO         3442    i.Speed_InitCmdSpdSet  speed_set.o
    0x000025cc   0x000025cc   0x000000cc   Code   RO         3443    i.Speed_InitSpdTraj  speed_set.o
    0x00002698   0x00002698   0x0000003e   Code   RO         3444    i.Speed_TgtSpdTraj  speed_set.o
    0x000026d6   0x000026d6   0x00000002   PAD
    0x000026d8   0x000026d8   0x000002b0   Code   RO         3483    i.Startup_Control   startup_control.o
    0x00002988   0x00002988   0x0000035c   Code   RO         3484    i.Startup_Init      startup_control.o
    0x00002ce4   0x00002ce4   0x00000150   Code   RO         3513    i.Stop_Control      stop_control.o
    0x00002e34   0x00002e34   0x00000014   Code   RO         3514    i.Stop_Init         stop_control.o
    0x00002e48   0x00002e48   0x0000006e   Code   RO         3541    i.Svpwm_7SegSymmPwm  svpwm.o
    0x00002eb6   0x00002eb6   0x00000132   Code   RO         3542    i.Svpwm_CalcDuration  svpwm.o
    0x00002fe8   0x00002fe8   0x0000003a   Code   RO         3543    i.Svpwm_InitCalc    svpwm.o
    0x00003022   0x00003022   0x00000002   PAD
    0x00003024   0x00003024   0x00000014   Code   RO          398    i.SysTick_Handler   isr.o
    0x00003038   0x00003038   0x00000098   Code   RO         3134    i.SystemCoreClockUpdate  system_hc32f448.o
    0x000030d0   0x000030d0   0x00000020   Code   RO         3135    i.SystemInit        system_hc32f448.o
    0x000030f0   0x000030f0   0x0000001e   Code   RO         3212    i.Transf_Clarke     coordinate_transform.o
    0x0000310e   0x0000310e   0x0000002a   Code   RO         3214    i.Transf_InvPark    coordinate_transform.o
    0x00003138   0x00003138   0x00000024   Code   RO         3215    i.Transf_Park       coordinate_transform.o
    0x0000315c   0x0000315c   0x00000020   Code   RO         3867    i.__0printf$3       mc_w.l(printf3.o)
    0x0000317c   0x0000317c   0x0000001a   Code   RO          225    i.__NVIC_ClearPendingIRQ  init_mcu.o
    0x00003196   0x00003196   0x0000001a   Code   RO          226    i.__NVIC_EnableIRQ  init_mcu.o
    0x000031b0   0x000031b0   0x00000020   Code   RO          227    i.__NVIC_SetPriority  init_mcu.o
    0x000031d0   0x000031d0   0x0000000e   Code   RO         4081    i.__scatterload_copy  mc_w.l(handlers.o)
    0x000031de   0x000031de   0x00000002   Code   RO         4082    i.__scatterload_null  mc_w.l(handlers.o)
    0x000031e0   0x000031e0   0x0000000e   Code   RO         4083    i.__scatterload_zeroinit  mc_w.l(handlers.o)
    0x000031ee   0x000031ee   0x00000002   PAD
    0x000031f0   0x000031f0   0x000001b8   Code   RO         3874    i._printf_core      mc_w.l(printf3.o)
    0x000033a8   0x000033a8   0x00000016   Code   RO         3001    i.fputc             hc32_ll_utility.o
    0x000033be   0x000033be   0x00000002   PAD
    0x000033c0   0x000033c0   0x00000040   Code   RO         3601    i.main              main.o
    0x00003400   0x00003400   0x00000202   Data   RO         3329    .constdata          module_math.o
    0x00003602   0x00003602   0x00000002   PAD
    0x00003604   0x00003604   0x00000020   Data   RO         4079    Region$$Table       anon$$obj.o


    Execution Region RW_IRAM1 (Exec base: 0x1fff8000, Load base: 0x00003624, Size: 0x00001098, Max: 0x00010000, ABSOLUTE, COMPRESSED[0x000000b0])

    Exec Addr    Load Addr    Size         Type   Attr      Idx    E Section Name        Object

    0x1fff8000   COMPRESSED   0x00000004   Data   RW            4    .data               hardware_config.o
    0x1fff8004   COMPRESSED   0x00000001   Data   RW            5    .data               hardware_config.o
    0x1fff8005   COMPRESSED   0x00000001   Data   RW            6    .data               hardware_config.o
    0x1fff8006   COMPRESSED   0x00000001   Data   RW            7    .data               hardware_config.o
    0x1fff8007   COMPRESSED   0x00000001   Data   RW            8    .data               hardware_config.o
    0x1fff8008   COMPRESSED   0x00000010   Data   RW         3002    .data               hc32_ll_utility.o
    0x1fff8018   COMPRESSED   0x00000008   Data   RW         3136    .data               system_hc32f448.o
    0x1fff8020   COMPRESSED   0x00000018   Data   RW         3632    .data               motor_control.o
    0x1fff8038   COMPRESSED   0x00000004   Data   RW         3683    .data               user_interface.o
    0x1fff803c   COMPRESSED   0x00000004   Data   RW         3684    .data               user_interface.o
    0x1fff8040   COMPRESSED   0x00000004   Data   RW         3685    .data               user_interface.o
    0x1fff8044   COMPRESSED   0x00000004   Data   RW         3686    .data               user_interface.o
    0x1fff8048   COMPRESSED   0x00000004   Data   RW         3687    .data               user_interface.o
    0x1fff804c   COMPRESSED   0x00000004   Data   RW         3688    .data               user_interface.o
    0x1fff8050   COMPRESSED   0x00000004   Data   RW         3689    .data               user_interface.o
    0x1fff8054   COMPRESSED   0x00000004   Data   RW         3690    .data               user_interface.o
    0x1fff8058   COMPRESSED   0x00000004   Data   RW         3691    .data               user_interface.o
    0x1fff805c   COMPRESSED   0x00000004   Data   RW         3692    .data               user_interface.o
    0x1fff8060   COMPRESSED   0x00000004   Data   RW         3693    .data               user_interface.o
    0x1fff8064   COMPRESSED   0x00000004   Data   RW         3694    .data               user_interface.o
    0x1fff8068   COMPRESSED   0x00000004   Data   RW         3695    .data               user_interface.o
    0x1fff806c   COMPRESSED   0x00000004   Data   RW         3696    .data               user_interface.o
    0x1fff8070   COMPRESSED   0x00000004   Data   RW         3697    .data               user_interface.o
    0x1fff8074   COMPRESSED   0x00000004   Data   RW         3698    .data               user_interface.o
    0x1fff8078   COMPRESSED   0x00000004   Data   RW         3699    .data               user_interface.o
    0x1fff807c   COMPRESSED   0x00000004   Data   RW         3700    .data               user_interface.o
    0x1fff8080   COMPRESSED   0x00000004   Data   RW         3701    .data               user_interface.o
    0x1fff8084   COMPRESSED   0x00000004   Data   RW         3702    .data               user_interface.o
    0x1fff8088   COMPRESSED   0x00000004   Data   RW         3703    .data               user_interface.o
    0x1fff808c   COMPRESSED   0x00000004   Data   RW         3704    .data               user_interface.o
    0x1fff8090   COMPRESSED   0x00000004   Data   RW         3705    .data               user_interface.o
    0x1fff8094   COMPRESSED   0x00000004   Data   RW         3706    .data               user_interface.o
    0x1fff8098   COMPRESSED   0x00000004   Data   RW         3708    .data               user_interface.o
    0x1fff809c   COMPRESSED   0x00000004   Data   RW         3709    .data               user_interface.o
    0x1fff80a0   COMPRESSED   0x00000004   Data   RW         3710    .data               user_interface.o
    0x1fff80a4   COMPRESSED   0x00000004   Data   RW         3711    .data               user_interface.o
    0x1fff80a8   COMPRESSED   0x00000004   Data   RW         3712    .data               user_interface.o
    0x1fff80ac   COMPRESSED   0x00000004   Data   RW         3713    .data               user_interface.o
    0x1fff80b0   COMPRESSED   0x00000004   Data   RW         3714    .data               user_interface.o
    0x1fff80b4   COMPRESSED   0x00000004   Data   RW         3715    .data               user_interface.o
    0x1fff80b8   COMPRESSED   0x00000004   Data   RW         3716    .data               user_interface.o
    0x1fff80bc   COMPRESSED   0x00000004   Data   RW         3717    .data               user_interface.o
    0x1fff80c0   COMPRESSED   0x00000004   Data   RW         3718    .data               user_interface.o
    0x1fff80c4   COMPRESSED   0x00000004   Data   RW         3719    .data               user_interface.o
    0x1fff80c8   COMPRESSED   0x00000004   Data   RW         3720    .data               user_interface.o
    0x1fff80cc   COMPRESSED   0x00000004   Data   RW         3721    .data               user_interface.o
    0x1fff80d0   COMPRESSED   0x00000004   Data   RW         3722    .data               user_interface.o
    0x1fff80d4   COMPRESSED   0x00000004   Data   RW         3723    .data               user_interface.o
    0x1fff80d8   COMPRESSED   0x00000004   Data   RW         3724    .data               user_interface.o
    0x1fff80dc   COMPRESSED   0x00000004   Data   RW         3725    .data               user_interface.o
    0x1fff80e0   COMPRESSED   0x00000004   Data   RW         3726    .data               user_interface.o
    0x1fff80e4   COMPRESSED   0x00000004   Data   RW         3727    .data               user_interface.o
    0x1fff80e8   COMPRESSED   0x00000004   Data   RW         3728    .data               user_interface.o
    0x1fff80ec   COMPRESSED   0x00000004   Data   RW         3729    .data               user_interface.o
    0x1fff80f0   COMPRESSED   0x00000004   Data   RW         3730    .data               user_interface.o
    0x1fff80f4   COMPRESSED   0x00000004   Data   RW         3731    .data               user_interface.o
    0x1fff80f8   COMPRESSED   0x00000004   Data   RW         3732    .data               user_interface.o
    0x1fff80fc   COMPRESSED   0x00000004   Data   RW         3733    .data               user_interface.o
    0x1fff8100   COMPRESSED   0x00000004   Data   RW         3734    .data               user_interface.o
    0x1fff8104   COMPRESSED   0x00000004   Data   RW         3735    .data               user_interface.o
    0x1fff8108   COMPRESSED   0x00000004   Data   RW         3736    .data               user_interface.o
    0x1fff810c   COMPRESSED   0x00000004   Data   RW         3737    .data               user_interface.o
    0x1fff8110   COMPRESSED   0x00000004   Data   RW         3738    .data               user_interface.o
    0x1fff8114   COMPRESSED   0x00000004   Data   RW         3739    .data               user_interface.o
    0x1fff8118   COMPRESSED   0x00000004   Data   RW         3740    .data               user_interface.o
    0x1fff811c   COMPRESSED   0x00000004   Data   RW         3741    .data               user_interface.o
    0x1fff8120   COMPRESSED   0x00000004   Data   RW         3742    .data               user_interface.o
    0x1fff8124   COMPRESSED   0x00000004   Data   RW         3743    .data               user_interface.o
    0x1fff8128   COMPRESSED   0x00000004   Data   RW         3744    .data               user_interface.o
    0x1fff812c   COMPRESSED   0x00000004   Data   RW         3745    .data               user_interface.o
    0x1fff8130   COMPRESSED   0x00000004   Data   RW         3746    .data               user_interface.o
    0x1fff8134   COMPRESSED   0x00000004   Data   RW         3747    .data               user_interface.o
    0x1fff8138   COMPRESSED   0x00000004   Data   RW         3748    .data               user_interface.o
    0x1fff813c   COMPRESSED   0x00000004   Data   RW         3749    .data               user_interface.o
    0x1fff8140   COMPRESSED   0x00000004   Data   RW         3750    .data               user_interface.o
    0x1fff8144   COMPRESSED   0x00000004   Data   RW         4055    .data               mc_w.l(stdout.o)
    0x1fff8148        -       0x00000024   Zero   RW          228    .bss                init_mcu.o
    0x1fff816c        -       0x00000028   Zero   RW         3572    .bss                cmd_set_analog_io.o
    0x1fff8194        -       0x00000300   Zero   RW         3631    .bss                motor_control.o
    0x1fff8494   COMPRESSED   0x00000004   PAD
    0x1fff8498        -       0x00000c00   Zero   RW         3762    STACK               startup_hc32f448.o


==============================================================================

Image component sizes


      Code (inc. data)   RO Data    RW Data    ZI Data      Debug   Object Name

       500         48          0          0          0       2936   adc_sample.o
       180          8          0          0         40       2875   cmd_set_analog_io.o
       108          0          0          0          0       2463   coordinate_transform.o
       246         24          0          0          0       4026   filter.o
       536         26          0          0          0       4636   flux_observer.o
         0          0          0          8          0      23617   hardware_config.o
         0          0          0          0          0     291288   hc32_ll.o
         0          0         96          0          0        826   hc32_ll_icg.o
       150         54          0         16          0       3696   hc32_ll_utility.o
      2566        266          0          0         36     334783   init_mcu.o
       204         44          0          0          0       2521   isr.o
        64         10          0          0          0        651   main.o
       654         10        514          0          0       5669   module_math.o
      2370        290          0         24        768       8790   motor_control.o
       510         32          0          0          0       3656   pid.o
       656         34          0          0          0       3877   protection.o
       538         68          0          0          0       3543   speed_set.o
      1548        200          0          0          0       3157   startup_control.o
        36          8        592          0       3072        880   startup_hc32f448.o
       356         46          0          0          0       2175   stop_control.o
       474          0          0          0          0       3486   svpwm.o
       184         42          0          8          0       6721   system_hc32f448.o
         0          0          0        268          0       4022   user_interface.o

    ----------------------------------------------------------------------
     11892       1210       1236        324       3920     720294   Object Totals
         0          0         32          0          0          0   (incl. Generated)
        12          0          2          0          4          0   (incl. Padding)

    ----------------------------------------------------------------------

      Code (inc. data)   RO Data    RW Data    ZI Data      Debug   Library Member Name

        86          0          0          0          0          0   __dczerorl2.o
         0          0          0          0          0          0   entry.o
         0          0          0          0          0          0   entry10a.o
         0          0          0          0          0          0   entry11a.o
         4          0          0          0          0          0   entry12b.o
         8          4          0          0          0          0   entry2.o
         4          0          0          0          0          0   entry5.o
         0          0          0          0          0          0   entry7b.o
         0          0          0          0          0          0   entry8b.o
         8          4          0          0          0          0   entry9a.o
        30          0          0          0          0          0   handlers.o
        36          8          0          0          0         68   init.o
        36          0          0          0          0         68   memcpya.o
       472         14          0          0          0        184   printf3.o
         0          0          0          4          0          0   stdout.o
        44          0          0          0          0         80   uidiv.o

    ----------------------------------------------------------------------
       732         30          0          4          0        400   Library Totals
         4          0          0          0          0          0   (incl. Padding)

    ----------------------------------------------------------------------

      Code (inc. data)   RO Data    RW Data    ZI Data      Debug   Library Name

       728         30          0          4          0        400   mc_w.l

    ----------------------------------------------------------------------
       732         30          0          4          0        400   Library Totals

    ----------------------------------------------------------------------

==============================================================================


      Code (inc. data)   RO Data    RW Data    ZI Data      Debug   

     12624       1240       1236        328       3920     714974   Grand Totals
     12624       1240       1236        176       3920     714974   ELF Image Totals (compressed)
     12624       1240       1236        176          0          0   ROM Totals

==============================================================================

    Total RO  Size (Code + RO Data)                13860 (  13.54kB)
    Total RW  Size (RW Data + ZI Data)              4248 (   4.15kB)
    Total ROM Size (Code + RO Data + RW Data)      14036 (  13.71kB)

==============================================================================

