<html>
<body>
<pre>
<h1>µVision Build Log</h1>
<h2>Tool Versions:</h2>
IDE-Version: ¦ÌVision V5.35.0.0
Copyright (C) 2021 ARM Ltd and ARM Germany GmbH. All rights reserved.
License Information: li lxf, 123, LIC=9WSKC-7G6XX-CX3U6-DYITN-U1XVU-MUP4Q
 
Tool Versions:
Toolchain:       MDK-ARM Plus  Version: 5.35.0.2
Toolchain Path:  C:\Keil_v5\ARM\ARMCC\Bin
C Compiler:      Armcc.exe V5.06 update 7 (build 960)
Assembler:       Armasm.exe V5.06 update 7 (build 960)
Linker/Locator:  ArmLink.exe V5.06 update 7 (build 960)
Library Manager: ArmAr.exe V5.06 update 7 (build 960)
Hex Converter:   FromElf.exe V5.06 update 7 (build 960)
CPU DLL:         SARMCM3.DLL V5.35.0.2
Dialog DLL:      DCM.DLL V1.17.3.0
Target DLL:      UL2CM3.DLL V1.164.0.0
Dialog DLL:      TCM.DLL V1.53.0.0
 
<h2>Project:</h2>
C:\workspace\motorPrjoject\xhsc_hc32f448_motor_control_v1.0.2\xhsc_hc32f448_motor_control_v1.0.2\mdk\hc32f448_motor_control\hc32f448_motor_control0.uvprojx
Project File Date:  03/24/2024

<h2>Output:</h2>
*** Using Compiler 'V5.06 update 7 (build 960)', folder: 'C:\Keil_v5\ARM\ARMCC\Bin'
Rebuild target 'hc32f448_motor_control'
compiling hc32_ll_aos.c...
compiling hc32_ll_emb.c...
compiling hc32_ll_fcg.c...
compiling hc32_ll_fcm.c...
compiling hc32_ll_cmp.c...
compiling hc32_ll_efm.c...
compiling hc32_ll_dma.c...
compiling hc32_ll_adc.c...
compiling hardware_config.c...
compiling hc32_ll_clk.c...
compiling hc32_ll.c...
compiling isr.c...
compiling init_mcu.c...
compiling coordinate_transform.c...
compiling filter.c...
compiling flux_observer.c...
compiling module_math.c...
compiling pid.c...
compiling hc32_ll_icg.c...
compiling hc32_ll_gpio.c...
compiling hc32_ll_sram.c...
compiling hc32_ll_utility.c...
compiling hc32_ll_pwc.c...
compiling system_hc32f448.c...
compiling svpwm.c...
compiling hc32_ll_wdt.c...
compiling cmd_set_analog_io.c...
compiling user_interface.c...
compiling hc32_ll_tmr4.c...
assembling startup_hc32f448.s...
compiling adc_sample.c...
compiling protection.c...
compiling startup_control.c...
compiling speed_set.c...
compiling stop_control.c...
compiling main.c...
compiling motor_control.c...
linking...
Program Size: Code=12624 RO-data=1236 RW-data=328 ZI-data=3920  
FromELF: creating hex file...
After Build - User command #1: fromelf  --elf -o "C:\workspace\motorPrjoject\xhsc_hc32f448_motor_control_v1.0.2\xhsc_hc32f448_motor_control_v1.0.2\mdk\hc32f448_motor_control\output\hc32f448_motor_control0.elf" "C:\workspace\motorPrjoject\xhsc_hc32f448_motor_control_v1.0.2\xhsc_hc32f448_motor_control_v1.0.2\mdk\hc32f448_motor_control\output\hc32f448_motor_control0.axf"
After Build - User command #2: fromelf --bin .\output\hc32f448_motor_control0.axf --output hc32.bin
".\output\hc32f448_motor_control0.axf" - 0 Error(s), 0 Warning(s).

<h2>Software Packages used:</h2>

Package Vendor: ARM
                http://www.keil.com/pack/ARM.CMSIS.5.8.0.pack
                ARM.CMSIS.5.8.0
                CMSIS (Common Microcontroller Software Interface Standard)
   * Component: CORE Version: 5.5.0

Package Vendor: HDSC
                https://raw.githubusercontent.com/hdscmcu/pack/master/HDSC.HC32F448.1.0.1.pack
                HDSC.HC32F448.1.0.1
                HC32F448 ARM Cortex-M4 Device Family Pack

<h2>Collection of Component include folders:</h2>
  .\RTE\_hc32f448_motor_control
  C:\Users\lxf\AppData\Local\Arm\Packs\ARM\CMSIS\5.8.0\CMSIS\Core\Include
  C:\Users\lxf\AppData\Local\Arm\Packs\HDSC\HC32F448\1.0.1\Device\Include

<h2>Collection of Component Files used:</h2>

   * Component: ARM::CMSIS:CORE:5.5.0
Build Time Elapsed:  00:00:02
</pre>
</body>
</html>
